Archive member included because of file (symbol)

..\..\..\libs\libarm_cortexM4lf_math.a(arm_fill_q15.o)
                              ..\obj\audio_driver.o (arm_fill_q15)
..\..\..\libs\libarm_cortexM4lf_math.a(arm_fill_f32.o)
                              ..\obj\audio_driver.o (arm_fill_f32)
..\..\..\libs\libarm_cortexM4lf_math.a(arm_copy_q15.o)
                              ..\obj\ui_driver.o (arm_copy_q15)
..\..\..\libs\libarm_cortexM4lf_math.a(arm_copy_f32.o)
                              ..\obj\audio_driver.o (arm_copy_f32)
..\..\..\libs\libarm_cortexM4lf_math.a(arm_min_q15.o)
                              ..\obj\ui_driver.o (arm_min_q15)
..\..\..\libs\libarm_cortexM4lf_math.a(arm_min_f32.o)
                              ..\obj\audio_driver.o (arm_min_f32)
..\..\..\libs\libarm_cortexM4lf_math.a(arm_mean_q15.o)
                              ..\obj\ui_driver.o (arm_mean_q15)
..\..\..\libs\libarm_cortexM4lf_math.a(arm_mean_f32.o)
                              ..\obj\audio_driver.o (arm_mean_f32)
..\..\..\libs\libarm_cortexM4lf_math.a(arm_max_q15.o)
                              ..\obj\ui_driver.o (arm_max_q15)
..\..\..\libs\libarm_cortexM4lf_math.a(arm_max_f32.o)
                              ..\obj\audio_driver.o (arm_max_f32)
..\..\..\libs\libarm_cortexM4lf_math.a(arm_rfft_init_f32.o)
                              ..\obj\ui_driver.o (arm_rfft_init_f32)
..\..\..\libs\libarm_cortexM4lf_math.a(arm_rfft_f32.o)
                              ..\obj\ui_driver.o (arm_rfft_f32)
..\..\..\libs\libarm_cortexM4lf_math.a(arm_cfft_radix4_init_f32.o)
                              ..\..\..\libs\libarm_cortexM4lf_math.a(arm_rfft_init_f32.o) (arm_cfft_radix4_init_f32)
..\..\..\libs\libarm_cortexM4lf_math.a(arm_cfft_radix4_f32.o)
                              ..\..\..\libs\libarm_cortexM4lf_math.a(arm_rfft_f32.o) (arm_radix4_butterfly_f32)
..\..\..\libs\libarm_cortexM4lf_math.a(arm_lms_norm_init_f32.o)
                              ..\obj\audio_driver.o (arm_lms_norm_init_f32)
..\..\..\libs\libarm_cortexM4lf_math.a(arm_lms_norm_f32.o)
                              ..\obj\audio_driver.o (arm_lms_norm_f32)
..\..\..\libs\libarm_cortexM4lf_math.a(arm_iir_lattice_f32.o)
                              ..\obj\audio_driver.o (arm_iir_lattice_f32)
..\..\..\libs\libarm_cortexM4lf_math.a(arm_fir_interpolate_f32.o)
                              ..\obj\audio_driver.o (arm_fir_interpolate_f32)
..\..\..\libs\libarm_cortexM4lf_math.a(arm_fir_init_f32.o)
                              ..\obj\ui_driver.o (arm_fir_init_f32)
..\..\..\libs\libarm_cortexM4lf_math.a(arm_fir_f32.o)
                              ..\obj\audio_driver.o (arm_fir_f32)
..\..\..\libs\libarm_cortexM4lf_math.a(arm_fir_decimate_f32.o)
                              ..\obj\audio_driver.o (arm_fir_decimate_f32)
..\..\..\libs\libarm_cortexM4lf_math.a(arm_cmplx_mag_f32.o)
                              ..\obj\ui_driver.o (arm_cmplx_mag_f32)
..\..\..\libs\libarm_cortexM4lf_math.a(arm_sin_f32.o)
                              ..\obj\audio_driver.o (arm_sin_f32)
..\..\..\libs\libarm_cortexM4lf_math.a(arm_cos_f32.o)
                              ..\obj\audio_driver.o (arm_cos_f32)
..\..\..\libs\libarm_cortexM4lf_math.a(arm_sub_f32.o)
                              ..\obj\audio_driver.o (arm_sub_f32)
..\..\..\libs\libarm_cortexM4lf_math.a(arm_scale_f32.o)
                              ..\obj\audio_driver.o (arm_scale_f32)
..\..\..\libs\libarm_cortexM4lf_math.a(arm_offset_f32.o)
                              ..\obj\audio_driver.o (arm_offset_f32)
..\..\..\libs\libarm_cortexM4lf_math.a(arm_negate_f32.o)
                              ..\obj\audio_driver.o (arm_negate_f32)
..\..\..\libs\libarm_cortexM4lf_math.a(arm_mult_f32.o)
                              ..\obj\audio_driver.o (arm_mult_f32)
..\..\..\libs\libarm_cortexM4lf_math.a(arm_add_f32.o)
                              ..\obj\audio_driver.o (arm_add_f32)
..\..\..\libs\libarm_cortexM4lf_math.a(arm_common_tables.o)
                              ..\..\..\libs\libarm_cortexM4lf_math.a(arm_cfft_radix4_init_f32.o) (armBitRevTable)
..\..\..\libs\libm.a(lib_a-s_pow10.o)
                              ..\obj\ui_driver.o (pow10)
..\..\..\libs\libm.a(lib_a-sf_ceil.o)
                              ..\obj\ui_si570.o (ceilf)
..\..\..\libs\libm.a(lib_a-sf_floor.o)
                              ..\obj\ui_si570.o (floorf)
..\..\..\libs\libm.a(lib_a-sf_round.o)
                              ..\obj\ui_lcd_hy28.o (roundf)
..\..\..\libs\libm.a(lib_a-sf_trunc.o)
                              ..\obj\ui_driver.o (truncf)
..\..\..\libs\libm.a(lib_a-w_log10.o)
                              ..\obj\ui_driver.o (log10)
..\..\..\libs\libm.a(lib_a-w_pow.o)
                              ..\obj\ui_driver.o (pow)
..\..\..\libs\libm.a(lib_a-w_sqrt.o)
                              ..\obj\ui_driver.o (sqrt)
..\..\..\libs\libm.a(lib_a-wf_log10.o)
                              ..\obj\audio_driver.o (log10f)
..\..\..\libs\libm.a(lib_a-wf_pow.o)
[...]
Memory Configuration

Name             Origin             Length             Attributes
rom              0x08010000         0x00070000         xr
ram              0x20000000         0x00020000         xrw
ram1             0x10000000         0x00010000         xrw
*default*        0x00000000         0xffffffff

Linker script and memory map

LOAD c:/program files (x86)/gnu tools arm embedded/4.7 2014q2/bin/../lib/gcc/arm-none-eabi/4.7.4/armv7e-m/fpu/crti.o
LOAD c:/program files (x86)/gnu tools arm embedded/4.7 2014q2/bin/../lib/gcc/arm-none-eabi/4.7.4/armv7e-m/fpu/crtbegin.o
LOAD c:/program files (x86)/gnu tools arm embedded/4.7 2014q2/bin/../lib/gcc/arm-none-eabi/4.7.4/../../../../arm-none-eabi/lib/armv7e-m/fpu/crt0.o
                0x20020000                _eram = 0x20020000

.text           0x08010000    0x57b88
 *(.isr_vector)
 .isr_vector    0x08010000      0x188 ..\obj\startup_stm32f4xx.o
                0x08010000                g_pfnVectors
 *(.text*)
 .text          0x08010188       0x54 c:/program files (x86)/gnu tools arm embedded/4.7 2014q2/bin/../lib/gcc/arm-none-eabi/4.7.4/armv7e-m/fpu/crtbegin.o
 .text          0x080101dc      0x19c ..\obj\usbd_ioreq.o
                0x080101dc                USBD_CtlSendData
                0x08010224                USBD_CtlContinueSendData
                0x08010254                USBD_CtlPrepareRx
                0x0801029c                USBD_CtlContinueRx
                0x080102cc                USBD_CtlSendStatus
                0x08010308                USBD_CtlReceiveStatus
                0x08010344                USBD_GetRxCount
 .text          0x08010378      0x59c ..\obj\i2s.o
                0x080103ec                I2S_Block_Init
                0x0801064c                I2S_Block_Process
                0x0801073c                I2S_Block_Stop
                0x080107ac                DMA1_Stream2_IRQHandler
 .text          0x08010914       0x80 ..\obj\keyb_driver.o
                0x08010914                TIM2_IRQHandler
                0x08010920                OTG_HS_IRQHandler
                0x0801092c                keyb_driver_init
                0x08010978                keyb_driver_thread
 .text          0x08010994      0x138 ..\obj\softdds.o
                0x08010994                softdds_setfreq
                0x08010a00                softdds_runf
 .text          0x08010acc     0x2bbc ..\obj\ui_lcd_hy28.o
                0x08010acc                UiLcdHy28_Delay
                0x08010b0c                UiLcdHy28_BacklightInit
                0x08010b58                UiLcdHy28_SpiInit
                0x08010cb8                UiLcdHy28_SpiDeInit
                0x08010d48                UiLcdHy28_ParallelInit
                0x08010f6c                UiLcdHy28_Reset
                0x08010fc0                UiLcdHy28_FSMCConfig
                0x08011070                UiLcdHy28_SendByteSpi
                0x08011180                UiLcdHy28_WriteIndexSpi
                0x080111cc                UiLcdHy28_WriteDataSpi
                0x08011220                UiLcdHy28_WriteDataSpiStart
                0x08011230                UiLcdHy28_WriteDataOnly
                0x08011284                UiLcdHy28_ReadDataSpi
                0x080112e8                UiLcdHy28_WriteReg
                0x08011340                UiLcdHy28_ReadReg
                0x080113c4                UiLcdHy28_LcdClear
                0x08011480                UiLcdHy28_SetPoint
                0x080114cc                UiLcdHy28_WriteRAM_Prepare
                0x08011514                UiLcdHy28_DrawColorPoint
                0x08011570                UiLcdHy28_DrawStraightLine
                0x0801164c                UiLcdHy28_DrawHorizLineWithGrad
                0x08011738                UiLcdHy28_DrawEmptyRect
                0x080117c0                UiLcdHy28_DrawBottomButton
                0x08011824                UiLcdHy28_DrawFullRect
                0x0801196c                UiLcdHy28_OpenBulkWrite
                0x080119e8                UiLcdHy28_BulkWrite
                0x08011a38                UiLcdHy28_CloseBulkWrite
                0x08011aa4                UiLcdHy28_DrawChar
                0x08011d78                UiLcdHy28_PrintText
                0x08011e84                UiLcdHy28_DrawSpectrum
                0x080121b0                UiLcdHy28_DrawSpectrum_Interleaved
                0x0801299c                UiLcdHy28_InitA
                0x080131a4                UiLcdHy28_Test
                0x080131b0                UiLcdHy28_Init
                0x080131e8                UiLcdHy28_ShowStartUpScreen
 .text          0x08013688      0x858 ..\obj\printf.o
                0x08013688                PrintChar
                0x0801369c                PutChar
                0x080136c0                PutString
                0x08013708                PutUnsignedInt
                0x080137c4                PutSignedInt
                0x080138f0                PutHexa
                0x080139d8                vsnprintf
                0x08013c7c                snprintf
                0x08013cb0                vsprintf
                0x08013cd8                vfprintf
                0x08013d64                vprintf
                0x08013d90                fprintf
                0x08013dc0                printf
                0x08013dec                sprintf
                0x08013e1c                puts
                0x08013e44                fputc
                0x08013e90                fputs
 .text          0x08013ee0      0x16c ..\obj\stm32f4xx_syscfg.o
                0x08013ee0                SYSCFG_DeInit
                0x08013f00                SYSCFG_MemoryRemapConfig
                0x08013f20                SYSCFG_EXTILineConfig
                0x08013fd0                SYSCFG_ETH_MediaInterfaceConfig
                0x08013ff0                SYSCFG_CompensationCellCmd
                0x08014010                SYSCFG_GetCompensationCellStatus
 .text          0x0801404c      0xd88 ..\obj\stm32f4xx_rcc.o
                0x0801404c                RCC_DeInit
                0x080140d0                RCC_HSEConfig
                0x08014100                RCC_WaitForHSEStartUp
                0x08014164                RCC_AdjustHSICalibrationValue
                0x080141ac                RCC_HSICmd
                0x080141cc                RCC_LSEConfig
                0x0801422c                RCC_LSICmd
                0x0801424c                RCC_PLLConfig
                0x08014294                RCC_PLLCmd
                0x080142b4                RCC_PLLI2SConfig
                0x080142e4                RCC_PLLI2SCmd
                0x08014304                RCC_ClockSecuritySystemCmd
                0x08014324                RCC_MCO1Config
                0x0801436c                RCC_MCO2Config
                0x080143b4                RCC_SYSCLKConfig
                0x080143f4                RCC_GetSYSCLKSource
                0x08014414                RCC_HCLKConfig
                0x08014454                RCC_PCLK1Config
                0x08014494                RCC_PCLK2Config
                0x080144d8                RCC_GetClocksFreq
                0x080146a0                RCC_RTCCLKConfig
                0x08014714                RCC_RTCCLKCmd
                0x08014734                RCC_BackupResetCmd
                0x08014754                RCC_I2SCLKConfig
                0x08014774                RCC_AHB1PeriphClockCmd
                0x080147c8                RCC_AHB2PeriphClockCmd
                0x0801481c                RCC_AHB3PeriphClockCmd
                0x08014870                RCC_APB1PeriphClockCmd
                0x080148c4                RCC_APB2PeriphClockCmd
                0x08014918                RCC_AHB1PeriphResetCmd
                0x0801496c                RCC_AHB2PeriphResetCmd
                0x080149c0                RCC_AHB3PeriphResetCmd
                0x08014a14                RCC_APB1PeriphResetCmd
                0x08014a68                RCC_APB2PeriphResetCmd
                0x08014abc                RCC_AHB1PeriphClockLPModeCmd
                0x08014b10                RCC_AHB2PeriphClockLPModeCmd
                0x08014b64                RCC_AHB3PeriphClockLPModeCmd
                0x08014bb8                RCC_APB1PeriphClockLPModeCmd
                0x08014c0c                RCC_APB2PeriphClockLPModeCmd
                0x08014c60                RCC_ITConfig
                0x08014cc0                RCC_GetFlagStatus
                0x08014d50                RCC_ClearFlag
                0x08014d74                RCC_GetITStatus
                0x08014db4                RCC_ClearITPendingBit
 .text          0x08014dd4      0x360 ..\obj\ui_rotary.o
                0x08014dd4                UiRotaryFreqEncoderInit
                0x08014eac                UiRotaryEncoderOneInit
                0x08014f84                UiRotaryEncoderTwoInit
                0x0801505c                UiRotaryEncoderThreeInit
 .text          0x08015134      0xc80 ..\obj\main.o
                0x08015164                USB_OTG_BSP_mDelay
                0x0801517c                CriticalError
                0x08015190                NMI_Handler
                0x080151ac                HardFault_Handler
                0x080151c8                MemManage_Handler
                0x080151e4                BusFault_Handler
                0x08015200                UsageFault_Handler
                0x0801521c                SVC_Handler
                0x08015238                DebugMon_Handler
                0x08015254                SysTick_Handler
                0x08015260                EXTI0_IRQHandler
                0x08015308                EXTI1_IRQHandler
                0x08015350                EXTI15_10_IRQHandler
                0x08015368                TransceiverStateInit
                0x08015cc8                MiscInit
                0x08015d4c                main
 .text          0x08015db4      0x53c ..\obj\stm32f4xx_gpio.o
                0x08015db4                GPIO_DeInit
                0x08015f2c                GPIO_Init
                0x08016070                GPIO_StructInit
                0x080160ac                GPIO_PinLockConfig
                0x080160f0                GPIO_ReadInputDataBit
                0x0801612c                GPIO_ReadInputData
                0x08016148                GPIO_ReadOutputDataBit
                0x08016184                GPIO_ReadOutputData
                0x080161a0                GPIO_SetBits
                0x080161bc                GPIO_ResetBits
                0x080161d8                GPIO_WriteBit
                0x08016208                GPIO_Write
                0x08016224                GPIO_ToggleBits
                0x08016248                GPIO_PinAFConfig
 .text          0x080162f0     0x5578 ..\obj\audio_driver.o
                0x0801633c                audio_driver_config_nco
                0x080163cc                audio_driver_init
                0x0801652c                audio_driver_stop
                0x08016538                audio_driver_thread
                0x08016544                audio_driver_set_rx_audio_filter
                0x080170a0                audio_check_nr_dsp_state
                0x0801b53c                I2S_RX_CallBack
 .text          0x0801b868      0x808 ..\obj\stm32f4xx_dma.o
                0x0801b868                DMA_DeInit
                0x0801baac                DMA_Init
                0x0801bb5c                DMA_StructInit
                0x0801bbe8                DMA_Cmd
                0x0801bc20                DMA_PeriphIncOffsetSizeConfig
                0x0801bc54                DMA_FlowControllerConfig
                0x0801bc88                DMA_SetCurrDataCounter
                0x0801bca4                DMA_GetCurrDataCounter
                0x0801bcc0                DMA_DoubleBufferModeConfig
                0x0801bcfc                DMA_DoubleBufferModeCmd
                0x0801bd34                DMA_MemoryTargetConfig
                0x0801bd60                DMA_GetCurrentMemoryTarget
                0x0801bd98                DMA_GetCmdStatus
                0x0801bdd0                DMA_GetFIFOStatus
                0x0801bdf8                DMA_GetFlagStatus
                0x0801be7c                DMA_ClearFlag
                0x0801bedc                DMA_ITConfig
                0x0801bf50                DMA_GetITStatus
                0x0801c010                DMA_ClearITPendingBit
 .text          0x0801c070      0xbac ..\obj\stm32f4xx_fsmc.o
                0x0801c070                FSMC_NORSRAMDeInit
                0x0801c0cc                FSMC_NORSRAMInit
                0x0801c21c                FSMC_NORSRAMStructInit
                0x0801c324                FSMC_NORSRAMCmd
                0x0801c378                FSMC_NANDDeInit
                0x0801c404                FSMC_NANDInit
                0x0801c504                FSMC_NANDStructInit
                0x0801c5a0                FSMC_NANDCmd
                0x0801c63c                FSMC_NANDECCCmd
                0x0801c6d8                FSMC_GetECC
                0x0801c714                FSMC_PCCARDDeInit
                0x0801c764                FSMC_PCCARDInit
                0x0801c838                FSMC_PCCARDStructInit
                0x0801c8dc                FSMC_PCCARDCmd
                0x0801c930                FSMC_ITConfig
                0x0801ca10                FSMC_GetFlagStatus
                0x0801ca84                FSMC_ClearFlag
                0x0801cb00                FSMC_GetITStatus
                0x0801cb94                FSMC_ClearITPendingBit
 .text          0x0801cc1c      0x340 ..\obj\mchf_hw_i2c2.o
                0x0801cc1c                mchf_hw_i2c2_init
                0x0801cce0                mchf_hw_i2c2_WriteRegister
 .text          0x0801cf5c      0xb98 ..\obj\stm32f4xx_adc.o
                0x0801cf5c                ADC_DeInit
                0x0801cf7c                ADC_Init
                0x0801d034                ADC_StructInit
                0x0801d080                ADC_CommonInit
                0x0801d0dc                ADC_CommonStructInit
                0x0801d110                ADC_Cmd
                0x0801d148                ADC_AnalogWatchdogCmd
                0x0801d184                ADC_AnalogWatchdogThresholdsConfig
                0x0801d1ac                ADC_AnalogWatchdogSingleChannelConfig
                0x0801d1e4                ADC_TempSensorVrefintCmd
                0x0801d230                ADC_VBATCmd
                0x0801d27c                ADC_RegularChannelConfig
                0x0801d438                ADC_SoftwareStartConv
                0x0801d458                ADC_GetSoftwareStartConvStatus
                0x0801d490                ADC_EOCOnEachRegularChannelCmd
                0x0801d4c8                ADC_ContinuousModeCmd
                0x0801d500                ADC_DiscModeChannelCountConfig
                0x0801d54c                ADC_DiscModeCmd
                0x0801d584                ADC_GetConversionValue
                0x0801d5a0                ADC_GetMultiModeConversionValue
                0x0801d5b8                ADC_DMACmd
                0x0801d5f0                ADC_DMARequestAfterLastTransferCmd
                0x0801d628                ADC_MultiModeDMARequestAfterLastTransferCmd
                0x0801d674                ADC_InjectedChannelConfig
                0x0801d7b8                ADC_InjectedSequencerLengthConfig
                0x0801d804                ADC_SetInjectedOffset
                0x0801d838                ADC_ExternalTrigInjectedConvConfig
                0x0801d870                ADC_ExternalTrigInjectedConvEdgeConfig
                0x0801d8a8                ADC_SoftwareStartInjectedConv
                0x0801d8c8                ADC_GetSoftwareStartInjectedConvCmdStatus
                0x0801d900                ADC_AutoInjectedConvCmd
                0x0801d938                ADC_InjectedDiscModeCmd
                0x0801d970                ADC_GetInjectedConversionValue
                0x0801d9a4                ADC_ITConfig
                0x0801d9fc                ADC_GetFlagStatus
                0x0801da38                ADC_ClearFlag
                0x0801da58                ADC_GetITStatus
                0x0801dac4                ADC_ClearITPendingBit
 .text          0x0801daf4      0x664 ..\obj\usb_dcd.o
                0x0801daf4                DCD_Init
                0x0801dc28                DCD_DeInit
                0x0801dc40                DCD_EP_Open
                0x0801dcf4                DCD_EP_Close
                0x0801dd7c                DCD_EP_PrepareRx
                0x0801de0c                DCD_EP_Tx
                0x0801de94                DCD_EP_Stall
                0x0801df20                DCD_EP_ClrStall
                0x0801dfac                DCD_EP_Flush
                0x0801dfe4                DCD_EP_SetAddress
                0x0801e020                DCD_DevConnect
                0x0801e050                DCD_DevDisconnect
                0x0801e080                DCD_GetEPStatus
                0x0801e0f0                DCD_SetEPStatus
 .text          0x0801e158      0x5ec ..\obj\usbd_cdc_core.o
 *fill*         0x0801e744        0x4 00
 .text          0x0801e748    0x14320 ..\obj\ui_driver.o
                0x0801e748                ui_driver_init
                0x0801e944                ui_driver_thread
                0x0801ea74                ui_driver_irq
                0x0801ea80                ui_driver_toggle_tx
                0x08021728                UiDriverShowMode
                0x08021844                UiDriverShowStep
                0x08021d00                UiDriverChangeBandFilter
                0x080235dc                UiDrawSpectrumScopeFrequencyBarText
                0x08023d04                UiDriverCreateSpectrumScope
                0x08024568                UiDriverClearSpectrumDisplay
                0x080248ec                UiDriverCheckBand
                0x080249d0                UiDriverUpdateFrequency
                0x08024f10                UiDriverUpdateFrequencyFast
                0x08026014                UiDriverChangeTuningStep
                0x08028880                UiDriverChangeStGain
                0x08028954                UiDriverChangeCmpLevel
                0x08028d7c                UiDriverChangeKeyerSpeed
                0x08028e6c                UIDriverChangeAudioGain
                0x08028fb4                UiDriverChangeRfGain
                0x08029440                UiDriverChangeFilter
                0x08029698                UiDriverDisplayFilterBW
                0x0802ca30                UiDriverCreateTemperatureDisplay
                0x0802d328                uiCodecMute
                0x0802d344                UiDriverSetBandPowerFactor
                0x0802d668                UiLCDBlankTiming
                0x0802d6dc                UiCalcAGCDecay
                0x0802d7d0                UiCalcALCDecay
                0x0802d844                UiCalcRFGain
                0x0802d8d8                UiCalcAGCVals
                0x0802da30                UiCWSidebandMode
                0x0802dadc                UiCalcNB_AGC
                0x0802dbd0                UiCalcRxIqGainAdj
                0x0802dcd8                UiCalcTxIqGainAdj
                0x0802ddb0                UiCalcRxPhaseAdj
                0x0802e7cc                UiCalcTxCompLevel
                0x0802eaa0                UiCalcTxPhaseAdj
                0x0802ed60                UiDriverLoadFilterValue
                0x08030ad4                UiDriverSaveEepromValuesPowerDown
 .text          0x08032a68      0x2a4 ..\obj\usbh_hid_keybd.o
 .text          0x08032d0c      0xf68 ..\obj\mchf_hw_i2c.o
                0x08032db8                mchf_hw_i2c_init
                0x08032e80                mchf_hw_i2c_reset
                0x08032efc                mchf_hw_i2c_WriteRegister
                0x08033178                mchf_hw_i2c_WriteBlock
                0x08033418                mchf_hw_i2c_ReadRegister
                0x080337ac                mchf_hw_i2c_ReadData
 .text          0x08033c74      0x2c0 ..\obj\stm32f4xx_exti.o
                0x08033c74                EXTI_DeInit
                0x08033cc8                EXTI_Init
                0x08033e00                EXTI_StructInit
                0x08033e34                EXTI_GenerateSWInterrupt
                0x08033e60                EXTI_GetFlagStatus
                0x08033e9c                EXTI_ClearFlag
                0x08033ebc                EXTI_GetITStatus
                0x08033f14                EXTI_ClearITPendingBit
 .text          0x08033f34      0xd48 ..\obj\mchf_board.o
                0x08034204                mchf_board_power_button_input_init
                0x08034754                mchf_board_green_led
                0x080347ac                mchf_board_red_led
                0x08034804                mchf_board_switch_tx
                0x0803485c                mchf_board_power_off
                0x08034b34                mchf_board_init
                0x08034bc0                mchf_board_post_init
                0x08034bd8                Read_VirtEEPROM
                0x08034c08                Write_VirtEEPROM
                0x08034c40                Write_VirtEEPROM_Signed
 .text          0x08034c7c      0x780 ..\obj\usbh_stdreq.o
                0x08034c7c                USBH_Get_DevDesc
                0x08034cd8                USBH_Get_CfgDesc
                0x08034d68                USBH_Get_StringDesc
                0x08034dc4                USBH_GetDescriptor
                0x08034e28                USBH_SetAddress
                0x08034e7c                USBH_SetCfg
                0x08034ecc                USBH_SetInterface
                0x08034f20                USBH_ClrFeature
                0x080353c8                USBH_GetNextDesc
 .text          0x080353fc      0x9b0 ..\obj\cw_gen.o
                0x080353fc                cw_gen_init
                0x08035480                cw_gen_remove_click_on_rising_edge
                0x0803557c                cw_gen_remove_click_on_falling_edge
                0x08035694                cw_gen_check_keyer_state
                0x08035768                cw_gen_process
                0x080357ac                cw_gen_process_strk
                0x08035914                cw_gen_process_iamb
                0x08035cc0                cw_gen_dah_IRQ
                0x08035d6c                cw_gen_dit_IRQ
 .text          0x08035dac      0x688 ..\obj\usbh_ioreq.o
                0x08035dac                USBH_CtlReq
                0x08035e4c                USBH_CtlSendSetup
                0x08035ec8                USBH_CtlSendData
                0x08035f8c                USBH_CtlReceiveData
                0x08036008                USBH_BulkSendData
                0x080360b0                USBH_BulkReceiveData
                0x08036158                USBH_InterruptReceiveData
                0x08036228                USBH_InterruptSendData
                0x0803633c                USBH_IsocReceiveData
                0x080363b8                USBH_IsocSendData
 .text          0x08036434     0x220c ..\obj\usb_core.o
                0x08036520                USB_OTG_WritePacket
                0x080365a4                USB_OTG_ReadPacket
                0x0803660c                USB_OTG_SelectCore
                0x080367c0                USB_OTG_CoreInit
                0x08036910                USB_OTG_EnableGlobalInt
                0x0803694c                USB_OTG_DisableGlobalInt
                0x0803698c                USB_OTG_FlushTxFifo
                0x08036a0c                USB_OTG_FlushRxFifo
                0x08036a78                USB_OTG_SetCurrentMode
                0x08036adc                USB_OTG_GetMode
                0x08036afc                USB_OTG_IsDeviceMode
                0x08036b20                USB_OTG_IsHostMode
                0x08036b44                USB_OTG_ReadCoreItr
                0x08036b74                USB_OTG_ReadOtgItr
                0x08036b90                USB_OTG_CoreInitHost
                0x08036c78                USB_OTG_IsEvenFrame
                0x08036ca0                USB_OTG_DriveVbus
                0x08036d20                USB_OTG_EnableHostInt
                0x08036dac                USB_OTG_InitFSLSPClkSel
                0x08036de4                USB_OTG_ReadHPRT0
                0x08036e24                USB_OTG_ReadHostAllChannels_intr
                0x08036e40                USB_OTG_ResetPort
                0x08036e94                USB_OTG_HC_Init
                0x08037168                USB_OTG_HC_StartXfer
                0x08037470                USB_OTG_HC_Halt
                0x08037520                USB_OTG_HC_DoPing
                0x080375a8                USB_OTG_StopHost
                0x08037638                USB_OTG_InitDevSpeed
                0x08037670                USB_OTG_CoreInitDev
                0x080378b0                USB_OTG_EnableDevInt
                0x08037954                USB_OTG_GetDeviceSpeed
                0x080379a4                USB_OTG_EP0Activate
                0x08037a24                USB_OTG_EPActivate
                0x08037b1c                USB_OTG_EPDeactivate
                0x08037bc0                USB_OTG_EPStartXfer
                0x08037e90                USB_OTG_EP0StartXfer
                0x08038090                USB_OTG_EPSetStall
                0x08038124                USB_OTG_EPClearStall
                0x080381a8                USB_OTG_ReadDevAllOutEp_itr
                0x080381d8                USB_OTG_ReadDevOutEP_itr
                0x08038214                USB_OTG_ReadDevAllInEPItr
                0x08038248                USB_OTG_EP0_OutStart
                0x080382c0                USB_OTG_ActiveRemoteWakeup
                0x08038354                USB_OTG_UngateClock
                0x080383a8                USB_OTG_StopDevice
                0x08038444                USB_OTG_GetEPStatus
                0x08038504                USB_OTG_SetEPStatus
 .text          0x08038640      0x2a0 ..\obj\usbh_bsp.o
                0x08038640                USBH_OTG_BSP_Init
                0x080386b8                USBH_OTG_BSP_EnableInterrupt
                0x080386f4                USBH_OTG_BSP_DriveVBUS
                0x0803870c                USBH_OTG_BSP_ConfigVBUS
                0x08038720                USBH_OTG_BSP_TimeInit
                0x08038770                USBH_OTG_BSP_uDelay
                0x0803878c                USBH_OTG_BSP_mDelay
                0x080387a8                USBH_OTG_BSP_TimerIRQ
 .text          0x080388e0      0x8e8 ..\obj\stm32f4xx_spi.o
                0x080388e0                SPI_I2S_DeInit
                0x08038968                SPI_Init
                0x080389f0                I2S_Init
                0x08038c04                SPI_StructInit
                0x08038c60                I2S_StructInit
                0x08038ca4                SPI_Cmd
                0x08038ce4                I2S_Cmd
                0x08038d24                SPI_DataSizeConfig
                0x08038d5c                SPI_BiDirectionalLineConfig
                0x08038d9c                SPI_NSSInternalSoftwareConfig
                0x08038de0                SPI_SSOutputCmd
                0x08038e20                SPI_TIModeCmd
                0x08038e60                I2S_FullDuplexConfig
                0x08038f04                SPI_I2S_ReceiveData
                0x08038f20                SPI_I2S_SendData
                0x08038f3c                SPI_CalculateCRC
                0x08038f7c                SPI_TransmitCRC
                0x08038fa0                SPI_GetCRC
                0x08038fd4                SPI_GetCRCPolynomial
                0x08038ff0                SPI_I2S_DMACmd
                0x08039038                SPI_I2S_ITConfig
                0x080390a4                SPI_I2S_GetFlagStatus
                0x080390e4                SPI_I2S_ClearFlag
                0x08039108                SPI_I2S_GetITStatus
                0x08039190                SPI_I2S_ClearITPendingBit
 .text          0x080391c8      0x514 ..\obj\stm32f4xx_dac.o
                0x080391c8                DAC_DeInit
                0x080391e8                DAC_Init
                0x0803925c                DAC_StructInit
                0x08039290                DAC_Cmd
                0x080392f4                DAC_SoftwareTriggerCmd
                0x08039360                DAC_DualSoftwareTriggerCmd
                0x080393ac                DAC_WaveGenerationCmd
                0x0803940c                DAC_SetChannel1Data
                0x08039444                DAC_SetChannel2Data
                0x0803947c                DAC_SetDualChannelData
                0x080394e0                DAC_GetDataOutputValue
                0x0803951c                DAC_DMACmd
                0x08039580                DAC_ITConfig
                0x080395e0                DAC_GetFlagStatus
                0x08039624                DAC_ClearFlag
                0x0803964c                DAC_GetITStatus
                0x080396b4                DAC_ClearITPendingBit
 .text          0x080396dc      0x154 ..\obj\stm32f4xx_wwdg.o
                0x080396dc                WWDG_DeInit
                0x080396fc                WWDG_SetPrescaler
                0x08039738                WWDG_SetWindowValue
                0x0803977c                WWDG_EnableIT
                0x08039794                WWDG_SetCounter
                0x080397b8                WWDG_Enable
                0x080397e0                WWDG_GetFlagStatus
                0x08039818                WWDG_ClearFlag
 .text          0x08039830      0x818 ..\obj\usbh_hid_core.o
                0x08039f08                USBH_Set_Report
 .text          0x0803a048       0x90 ..\obj\cat_driver.o
                0x0803a048                OTG_FS_IRQHandler
                0x0803a05c                cat_driver_init
                0x0803a09c                cat_driver_stop
                0x0803a0bc                cat_driver_thread
 .text          0x0803a0d8      0x374 ..\obj\usbd_cdc_vcp.o
 .text          0x0803a44c       0x88 ..\obj\startup_stm32f4xx.o
                0x0803a44c                Default_Reset_Handler
                0x0803a44c                Reset_Handler
                0x0803a4c0                EXTI2_IRQHandler
                0x0803a4c0                TIM8_CC_IRQHandler
                0x0803a4c0                TIM1_CC_IRQHandler
                0x0803a4c0                DMA2_Stream5_IRQHandler
                0x0803a4c0                DMA1_Stream5_IRQHandler
                0x0803a4c0                PVD_IRQHandler
                0x0803a4c0                SDIO_IRQHandler
                0x0803a4c0                TAMP_STAMP_IRQHandler
                0x0803a4c0                PendSV_Handler
                0x0803a4c0                CAN2_RX1_IRQHandler
                0x0803a4c0                EXTI3_IRQHandler
                0x0803a4c0                TIM8_TRG_COM_TIM14_IRQHandler
                0x0803a4c0                TIM1_UP_TIM10_IRQHandler
                0x0803a4c0                TIM8_UP_TIM13_IRQHandler
                0x0803a4c0                HASH_RNG_IRQHandler
                0x0803a4c0                I2C2_EV_IRQHandler
                0x0803a4c0                CAN1_RX0_IRQHandler
                0x0803a4c0                FPU_IRQHandler
                0x0803a4c0                OTG_HS_WKUP_IRQHandler
                0x0803a4c0                CAN2_SCE_IRQHandler
                0x0803a4c0                DMA2_Stream2_IRQHandler
                0x0803a4c0                SPI1_IRQHandler
                0x0803a4c0                TIM6_DAC_IRQHandler
                0x0803a4c0                TIM1_BRK_TIM9_IRQHandler
                0x0803a4c0                DCMI_IRQHandler
                0x0803a4c0                CAN2_RX0_IRQHandler
                0x0803a4c0                DMA2_Stream3_IRQHandler
                0x0803a4c0                USART6_IRQHandler
                0x0803a4c0                USART3_IRQHandler
                0x0803a4c0                CRYP_IRQHandler
                0x0803a4c0                I2C3_ER_IRQHandler
                0x0803a4c0                CAN1_RX1_IRQHandler
                0x0803a4c0                UART5_IRQHandler
                0x0803a4c0                DMA2_Stream0_IRQHandler
                0x0803a4c0                TIM4_IRQHandler
                0x0803a4c0                I2C1_EV_IRQHandler
                0x0803a4c0                DMA1_Stream6_IRQHandler
                0x0803a4c0                DMA1_Stream1_IRQHandler
                0x0803a4c0                UART4_IRQHandler
                0x0803a4c0                TIM3_IRQHandler
                0x0803a4c0                RCC_IRQHandler
                0x0803a4c0                TIM8_BRK_TIM12_IRQHandler
                0x0803a4c0                ADC_IRQHandler
                0x0803a4c0                RTC_Alarm_IRQHandler
                0x0803a4c0                DMA1_Stream7_IRQHandler
                0x0803a4c0                TIM7_IRQHandler
                0x0803a4c0                CAN2_TX_IRQHandler
                0x0803a4c0                TIM5_IRQHandler
                0x0803a4c0                DMA2_Stream7_IRQHandler
                0x0803a4c0                I2C3_EV_IRQHandler
                0x0803a4c0                EXTI9_5_IRQHandler
                0x0803a4c0                RTC_WKUP_IRQHandler
                0x0803a4c0                ETH_WKUP_IRQHandler
                0x0803a4c0                SPI2_IRQHandler
                0x0803a4c0                OTG_HS_EP1_IN_IRQHandler
                0x0803a4c0                DMA1_Stream0_IRQHandler
                0x0803a4c0                CAN1_TX_IRQHandler
                0x0803a4c0                EXTI4_IRQHandler
                0x0803a4c0                FSMC_IRQHandler
                0x0803a4c0                ETH_IRQHandler
                0x0803a4c0                OTG_HS_EP1_OUT_IRQHandler
                0x0803a4c0                WWDG_IRQHandler
                0x0803a4c0                OTG_FS_WKUP_IRQHandler
                0x0803a4c0                TIM1_TRG_COM_TIM11_IRQHandler
                0x0803a4c0                USART2_IRQHandler
                0x0803a4c0                I2C2_ER_IRQHandler
                0x0803a4c0                DMA2_Stream1_IRQHandler
                0x0803a4c0                CAN1_SCE_IRQHandler
                0x0803a4c0                FLASH_IRQHandler
                0x0803a4c0                DMA2_Stream4_IRQHandler
                0x0803a4c0                USART1_IRQHandler
                0x0803a4c0                SPI3_IRQHandler
                0x0803a4c0                DMA1_Stream4_IRQHandler
                0x0803a4c0                I2C1_ER_IRQHandler
                0x0803a4c0                DMA2_Stream6_IRQHandler
                0x0803a4c0                DMA1_Stream3_IRQHandler
 .text          0x0803a4d4       0x68 ..\obj\usbd_usr.o
                0x0803a4d4                USBD_USR_Init
                0x0803a4e0                USBD_USR_DeviceReset
                0x0803a500                USBD_USR_DeviceConfigured
                0x0803a50c                USBD_USR_DeviceSuspended
                0x0803a518                USBD_USR_DeviceResumed
                0x0803a524                USBD_USR_DeviceConnected
                0x0803a530                USBD_USR_DeviceDisconnected
 .text          0x0803a53c     0xc608 ..\obj\ui_menu.o
                0x0803a53c                UiDriverUpdateMenu
                0x08046588                UiDriverMemMenu
                0x08046a00                UiDriverUpdateMemLines
 .text          0x08046b44      0x3e4 ..\obj\system_stm32f4xx.o
                0x08046b44                SystemInit
                0x08046bf8                SystemCoreClockUpdate
 .text          0x08046f28      0x294 ..\obj\usbh_usr.o
                0x08046f28                USBH_USR_Init
                0x08046f88                USBH_USR_DeviceAttached
                0x08046fa8                USBH_USR_UnrecoveredError
                0x08046fbc                USBH_USR_DeviceDisconnected
                0x08046fd4                USBH_USR_ResetDevice
                0x08046fe0                USBH_USR_DeviceSpeedDetected
                0x08046ff4                USBH_USR_Device_DescAvailable
                0x0804702c                USBH_USR_DeviceAddressAssigned
                0x08047038                USBH_USR_Configuration_DescAvailable
                0x08047058                USBH_USR_Manufacturer_String
                0x0804706c                USBH_USR_Product_String
                0x08047080                USBH_USR_SerialNum_String
                0x08047094                USBH_USR_EnumerationDone
                0x080470a0                USBH_USR_DeviceNotSupported
                0x080470b4                USBH_USR_UserInput
                0x080470d4                USBH_USR_OverCurrentDetected
                0x080470e0                USR_MOUSE_Init
                0x080470ec                USR_MOUSE_ProcessData
                0x08047178                USR_KEYBRD_Init
                0x08047190                USR_KEYBRD_ProcessData
                0x080471b0                USBH_USR_DeInit
 .text          0x080471bc      0x208 ..\obj\usb_hcd.o
                0x080471bc                HCD_Init
                0x08047268                HCD_GetCurrentSpeed
                0x08047290                HCD_ResetPort
                0x080472ac                HCD_IsDeviceConnected
                0x080472c8                HCD_GetCurrentFrame
                0x080472ec                HCD_GetURB_State
                0x08047310                HCD_GetXferCnt
                0x08047338                HCD_GetHCState
                0x0804735c                HCD_HC_Init
                0x08047380                HCD_SubmitRequest
 .text          0x080473c4      0x1d4 ..\obj\usbd_desc.o
                0x080473c4                USBD_USR_DeviceDescriptor
                0x080473ec                USBD_USR_LangIDStrDescriptor
                0x08047414                USBD_USR_ProductStrDescriptor
                0x08047468                USBD_USR_ManufacturerStrDescriptor
                0x0804749c                USBD_USR_SerialStrDescriptor
                0x080474f0                USBD_USR_ConfigStrDescriptor
                0x08047544                USBD_USR_InterfaceStrDescriptor
 .text          0x08047598      0xa24 ..\obj\usbd_req.o
                0x08047598                USBD_StdDevReq
                0x0804763c                USBD_StdItfReq
                0x080476a8                USBD_StdEPReq
                0x08047e28                USBD_ParseSetupRequest
                0x08047ebc                USBD_CtlError
                0x08047ee8                USBD_GetString
 .text          0x08047fbc       0x54 ..\obj\usbh_hid_mouse.o
 .text          0x08048010      0x2d4 ..\obj\usbh_hcs.o
                0x08048010                USBH_Open_Channel
                0x08048118                USBH_Modify_Channel
                0x080481b4                USBH_Alloc_Channel
                0x08048200                USBH_Free_Channel
                0x0804824c                USBH_DeAllocate_AllChannel
 .text          0x080482e4      0xa00 ..\obj\stm32f4xx_flash.o
                0x080482e4                FLASH_SetLatency
                0x08048304                FLASH_PrefetchBufferCmd
                0x08048350                FLASH_InstructionCacheCmd
                0x0804839c                FLASH_DataCacheCmd
                0x080483e8                FLASH_InstructionCacheReset
                0x0804840c                FLASH_DataCacheReset
                0x08048430                FLASH_Unlock
                0x0804846c                FLASH_Lock
                0x08048490                FLASH_EraseSector
                0x080485a8                FLASH_EraseAllSectors
                0x08048688                FLASH_ProgramDoubleWord
                0x08048728                FLASH_ProgramWord
                0x080487c0                FLASH_ProgramHalfWord
                0x0804885c                FLASH_ProgramByte
                0x080488f4                FLASH_OB_Unlock
                0x08048934                FLASH_OB_Lock
                0x08048958                FLASH_OB_WRPConfig
                0x080489cc                FLASH_OB_RDPConfig
                0x08048a00                FLASH_OB_UserConfig
                0x08048a64                FLASH_OB_BORConfig
                0x08048ab0                FLASH_OB_Launch
                0x08048aec                FLASH_OB_GetUser
                0x08048b08                FLASH_OB_GetWRP
                0x08048b20                FLASH_OB_GetRDP
                0x08048b58                FLASH_OB_GetBOR
                0x08048b78                FLASH_ITConfig
                0x08048bcc                FLASH_GetFlagStatus
                0x08048c08                FLASH_ClearFlag
                0x08048c28                FLASH_GetStatus
                0x08048cb0                FLASH_WaitForLastOperation
 .text          0x08048ce4      0x49c ..\obj\usbd_core.o
                0x08048ce4                USBD_Init
                0x08048d2c                USBD_DeInit
                0x080490d8                USBD_SetCfg
                0x0804910c                USBD_ClrCfg
 .text          0x08049180      0x1d8 ..\obj\misc.o
                0x08049180                NVIC_PriorityGroupConfig
                0x080491a8                NVIC_Init
                0x0804928c                NVIC_SetVectorTable
                0x080492b8                NVIC_SystemLPConfig
                0x0804930c                SysTick_CLKSourceConfig
 .text          0x08049358      0xb1c ..\obj\usb_dcd_int.o
                0x08049358                USBD_OTG_ISR_Handler
 .text          0x08049e74      0xa10 ..\obj\stm32f4xx_i2c.o
                0x08049e74                I2C_DeInit
                0x08049efc                I2C_Init
                0x0804a0a8                I2C_StructInit
                0x0804a0ec                I2C_Cmd
                0x0804a12c                I2C_GenerateSTART
                0x0804a16c                I2C_GenerateSTOP
                0x0804a1ac                I2C_Send7bitAddress
                0x0804a1e8                I2C_AcknowledgeConfig
                0x0804a228                I2C_OwnAddress2Config
                0x0804a26c                I2C_DualAddressCmd
                0x0804a2ac                I2C_GeneralCallCmd
                0x0804a2ec                I2C_SoftwareResetCmd
                0x0804a334                I2C_StretchClockCmd
                0x0804a374                I2C_FastModeDutyCycleConfig
                0x0804a3b4                I2C_NACKPositionConfig
                0x0804a3f4                I2C_SMBusAlertConfig
                0x0804a434                I2C_ARPCmd
                0x0804a474                I2C_SendData
                0x0804a494                I2C_ReceiveData
                0x0804a4b0                I2C_TransmitPEC
                0x0804a4f0                I2C_PECPositionConfig
                0x0804a530                I2C_CalculatePEC
                0x0804a570                I2C_GetPEC
                0x0804a594                I2C_DMACmd
                0x0804a5d4                I2C_DMALastTransferCmd
                0x0804a614                I2C_ReadRegister
                0x0804a644                I2C_ITConfig
                0x0804a68c                I2C_CheckEvent
                0x0804a6fc                I2C_GetLastEvent
                0x0804a748                I2C_GetFlagStatus
                0x0804a7c0                I2C_ClearFlag
                0x0804a7f0                I2C_GetITStatus
                0x0804a854                I2C_ClearITPendingBit
 .text          0x0804a884      0x1b0 ..\obj\usbd_bsp.o
                0x0804a884                USBD_OTG_BSP_Init
                0x0804a8f8                USBD_OTG_BSP_DeInit
                0x0804a954                USBD_OTG_BSP_EnableInterrupt
                0x0804a990                USBD_OTG_BSP_uDelay
                0x0804a9e8                USBD_OTG_BSP_mDelay
                0x0804aa08                USBD_OTG_BSP_ConfigVBUS
                0x0804aa1c                USBD_OTG_BSP_DriveVBUS
 .text          0x0804aa34      0xad0 ..\obj\usbh_core.o
                0x0804aa34                USBH_Connected
                0x0804aa58                USBH_Disconnected
                0x0804aa7c                USBH_SOF
                0x0804aa94                USBH_Init
                0x0804aaec                USBH_DeInit
                0x0804ab60                USBH_Process
                0x0804adcc                USBH_ErrorHandle
                0x0804b158                USBH_HandleControl
 .text          0x0804b504      0x7b8 ..\obj\eeprom.o
                0x0804b504                EE_InitA
                0x0804b848                EE_Init
                0x0804b86c                EE_ReadVariable
                0x0804b924                EE_WriteVariable
 .text          0x0804bcbc      0x538 ..\obj\api_dsp.o
                0x0804be6c                api_dsp_init
                0x0804be88                api_dsp_thread
                0x0804bf0c                api_dsp_post
 *fill*         0x0804c1f4        0x4 00
 .text          0x0804c1f8      0xf18 ..\obj\ui_si570.o
                0x0804c5a8                ui_si570_get_configuration
                0x0804cbf8                ui_si570_set_frequency
                0x0804ccec                ui_si570_init_temp_sensor
                0x0804cd64                ui_si570_read_temp
                0x0804cdac                ui_si570_conv_temp
                0x0804ce60                ui_si570_calc_startupfrequency
 .text          0x0804d110     0x1d74 ..\obj\stm32f4xx_tim.o
                0x0804d110                TIM_DeInit
                0x0804d348                TIM_TimeBaseInit
                0x0804d43c                TIM_TimeBaseStructInit
                0x0804d478                TIM_PrescalerConfig
                0x0804d4a0                TIM_CounterModeConfig
                0x0804d4d8                TIM_SetCounter
                0x0804d4f4                TIM_SetAutoreload
                0x0804d510                TIM_GetCounter
                0x0804d528                TIM_GetPrescaler
                0x0804d544                TIM_UpdateDisableConfig
                0x0804d584                TIM_UpdateRequestConfig
                0x0804d5c4                TIM_ARRPreloadConfig
                0x0804d604                TIM_SelectOnePulseMode
                0x0804d63c                TIM_SetClockDivision
                0x0804d674                TIM_Cmd
                0x0804d6b4                TIM_OC1Init
                0x0804d7b0                TIM_OC2Init
                0x0804d8d8                TIM_OC3Init
                0x0804d9f8                TIM_OC4Init
                0x0804dad8                TIM_OCStructInit
                0x0804db2c                TIM_SelectOCxM
                0x0804dbec                TIM_SetCompare1
                0x0804dc08                TIM_SetCompare2
                0x0804dc24                TIM_SetCompare3
                0x0804dc40                TIM_SetCompare4
                0x0804dc5c                TIM_ForcedOC1Config
                0x0804dc94                TIM_ForcedOC2Config
                0x0804dcd4                TIM_ForcedOC3Config
                0x0804dd0c                TIM_ForcedOC4Config
                0x0804dd4c                TIM_OC1PreloadConfig
                0x0804dd84                TIM_OC2PreloadConfig
                0x0804ddc4                TIM_OC3PreloadConfig
                0x0804ddfc                TIM_OC4PreloadConfig
                0x0804de3c                TIM_OC1FastConfig
                0x0804de74                TIM_OC2FastConfig
                0x0804deb4                TIM_OC3FastConfig
                0x0804deec                TIM_OC4FastConfig
                0x0804df2c                TIM_ClearOC1Ref
                0x0804df64                TIM_ClearOC2Ref
                0x0804dfa8                TIM_ClearOC3Ref
                0x0804dfe0                TIM_ClearOC4Ref
                0x0804e024                TIM_OC1PolarityConfig
                0x0804e05c                TIM_OC1NPolarityConfig
                0x0804e094                TIM_OC2PolarityConfig
                0x0804e0d4                TIM_OC2NPolarityConfig
                0x0804e114                TIM_OC3PolarityConfig
                0x0804e154                TIM_OC3NPolarityConfig
                0x0804e194                TIM_OC4PolarityConfig
                0x0804e1d4                TIM_CCxCmd
                0x0804e230                TIM_CCxNCmd
                0x0804e28c                TIM_ICInit
                0x0804e334                TIM_ICStructInit
                0x0804e370                TIM_PWMIConfig
                0x0804e434                TIM_GetCapture1
                0x0804e44c                TIM_GetCapture2
                0x0804e464                TIM_GetCapture3
                0x0804e47c                TIM_GetCapture4
                0x0804e494                TIM_SetIC1Prescaler
                0x0804e4cc                TIM_SetIC2Prescaler
                0x0804e508                TIM_SetIC3Prescaler
                0x0804e540                TIM_SetIC4Prescaler
                0x0804e57c                TIM_BDTRConfig
                0x0804e5cc                TIM_BDTRStructInit
                0x0804e618                TIM_CtrlPWMOutputs
                0x0804e668                TIM_SelectCOM
                0x0804e6a8                TIM_CCPreloadControl
                0x0804e6e8                TIM_ITConfig
                0x0804e730                TIM_GenerateEvent
                0x0804e74c                TIM_GetFlagStatus
                0x0804e78c                TIM_ClearFlag
                0x0804e7b0                TIM_GetITStatus
                0x0804e810                TIM_ClearITPendingBit
                0x0804e834                TIM_DMAConfig
                0x0804e85c                TIM_DMACmd
                0x0804e8a4                TIM_SelectCCDMA
                0x0804e8e4                TIM_InternalClockConfig
                0x0804e908                TIM_ITRxExternalClockConfig
                0x0804e938                TIM_TIxExternalClockConfig
                0x0804e990                TIM_ETRClockMode1Config
                0x0804e9e4                TIM_ETRClockMode2Config
                0x0804ea18                TIM_SelectInputTrigger
                0x0804ea50                TIM_SelectOutputTrigger
                0x0804ea88                TIM_SelectSlaveMode
                0x0804eac0                TIM_SelectMasterSlaveMode
                0x0804eaf8                TIM_ETRConfig
                0x0804eb44                TIM_EncoderInterfaceConfig
                0x0804ebd8                TIM_SelectHallSensor
                0x0804ec18                TIM_RemapConfig
 .text          0x0804ee84      0x6d0 ..\obj\codec.o
                0x0804ee84                Codec_Init
                0x0804eeb0                Codec_Reset
                0x0804ef88                Codec_RX_TX
                0x0804f184                Codec_SidetoneSetgain
                0x0804f28c                Codec_Volume
                0x0804f344                Codec_Mute
                0x0804f378                Codec_WriteRegister
                0x0804f3c8                Codec_AudioInterface_Init
                0x0804f434                Codec_GPIO_Init
                0x0804f528                Codec_Line_Gain_Adj
 .text.arm_fill_q15
                0x0804f554       0xe4 ..\..\..\libs\libarm_cortexM4lf_math.a(arm_fill_q15.o)
                0x0804f554                arm_fill_q15
 .text.arm_fill_f32
                0x0804f638      0x108 ..\..\..\libs\libarm_cortexM4lf_math.a(arm_fill_f32.o)
                0x0804f638                arm_fill_f32
 .text.arm_copy_q15
                0x0804f740      0x21c ..\..\..\libs\libarm_cortexM4lf_math.a(arm_copy_q15.o)
                0x0804f740                arm_copy_q15
 .text.arm_copy_f32
                0x0804f95c      0x158 ..\..\..\libs\libarm_cortexM4lf_math.a(arm_copy_f32.o)
                0x0804f95c                arm_copy_f32
 .text.arm_min_q15
                0x0804fab4       0xe4 ..\..\..\libs\libarm_cortexM4lf_math.a(arm_min_q15.o)
                0x0804fab4                arm_min_q15
 .text.arm_min_f32
                0x0804fb98      0x15c ..\..\..\libs\libarm_cortexM4lf_math.a(arm_min_f32.o)
                0x0804fb98                arm_min_f32
 .text.arm_mean_q15
                0x0804fcf4      0x194 ..\..\..\libs\libarm_cortexM4lf_math.a(arm_mean_q15.o)
                0x0804fcf4                arm_mean_q15
 .text.arm_mean_f32
                0x0804fe88      0x1c8 ..\..\..\libs\libarm_cortexM4lf_math.a(arm_mean_f32.o)
                0x0804fe88                arm_mean_f32
 .text.arm_max_q15
                0x08050050       0xe4 ..\..\..\libs\libarm_cortexM4lf_math.a(arm_max_q15.o)
                0x08050050                arm_max_q15
 .text.arm_max_f32
                0x08050134      0x15c ..\..\..\libs\libarm_cortexM4lf_math.a(arm_max_f32.o)
                0x08050134                arm_max_f32
 .text.arm_rfft_init_f32
                0x08050290       0x78 ..\..\..\libs\libarm_cortexM4lf_math.a(arm_rfft_init_f32.o)
                0x08050290                arm_rfft_init_f32
 .text.arm_split_rfft_f32
                0x08050308      0x218 ..\..\..\libs\libarm_cortexM4lf_math.a(arm_rfft_f32.o)
                0x08050308                arm_split_rfft_f32
 .text.arm_split_rifft_f32
                0x08050520      0x160 ..\..\..\libs\libarm_cortexM4lf_math.a(arm_rfft_f32.o)
                0x08050520                arm_split_rifft_f32
 .text.arm_rfft_f32
                0x08050680       0x88 ..\..\..\libs\libarm_cortexM4lf_math.a(arm_rfft_f32.o)
                0x08050680                arm_rfft_f32
 .text.arm_cfft_radix4_init_f32
                0x08050708       0x94 ..\..\..\libs\libarm_cortexM4lf_math.a(arm_cfft_radix4_init_f32.o)
                0x08050708                arm_cfft_radix4_init_f32
 .text.arm_radix4_butterfly_f32
                0x0805079c      0x3b0 ..\..\..\libs\libarm_cortexM4lf_math.a(arm_cfft_radix4_f32.o)
                0x0805079c                arm_radix4_butterfly_f32
 .text.arm_radix4_butterfly_inverse_f32
                0x08050b4c      0x3d0 ..\..\..\libs\libarm_cortexM4lf_math.a(arm_cfft_radix4_f32.o)
                0x08050b4c                arm_radix4_butterfly_inverse_f32
 .text.arm_bitreversal_f32
                0x08050f1c       0xfc ..\..\..\libs\libarm_cortexM4lf_math.a(arm_cfft_radix4_f32.o)
                0x08050f1c                arm_bitreversal_f32
 .text.arm_lms_norm_init_f32
                0x08051018       0x38 ..\..\..\libs\libarm_cortexM4lf_math.a(arm_lms_norm_init_f32.o)
                0x08051018                arm_lms_norm_init_f32
 .text.arm_lms_norm_f32
                0x08051050      0x620 ..\..\..\libs\libarm_cortexM4lf_math.a(arm_lms_norm_f32.o)
                0x08051050                arm_lms_norm_f32
 .text.arm_iir_lattice_f32
                0x08051670      0x3e0 ..\..\..\libs\libarm_cortexM4lf_math.a(arm_iir_lattice_f32.o)
                0x08051670                arm_iir_lattice_f32
 .text.arm_fir_interpolate_f32
                0x08051a50      0x44c ..\..\..\libs\libarm_cortexM4lf_math.a(arm_fir_interpolate_f32.o)
                0x08051a50                arm_fir_interpolate_f32
 .text.arm_fir_init_f32
                0x08051e9c       0x24 ..\..\..\libs\libarm_cortexM4lf_math.a(arm_fir_init_f32.o)
                0x08051e9c                arm_fir_init_f32
 .text.arm_fir_f32
                0x08051ec0      0x498 ..\..\..\libs\libarm_cortexM4lf_math.a(arm_fir_f32.o)
                0x08051ec0                arm_fir_f32
 .text.arm_fir_decimate_f32
                0x08052358      0x3e0 ..\..\..\libs\libarm_cortexM4lf_math.a(arm_fir_decimate_f32.o)
                0x08052358                arm_fir_decimate_f32
 .text.arm_cmplx_mag_f32
                0x08052738      0x3b8 ..\..\..\libs\libarm_cortexM4lf_math.a(arm_cmplx_mag_f32.o)
                0x08052738                arm_cmplx_mag_f32
 .text.arm_sin_f32
                0x08052af0       0xd0 ..\..\..\libs\libarm_cortexM4lf_math.a(arm_sin_f32.o)
                0x08052af0                arm_sin_f32
 .text.arm_cos_f32
                0x08052bc0       0xd0 ..\..\..\libs\libarm_cortexM4lf_math.a(arm_cos_f32.o)
                0x08052bc0                arm_cos_f32
 .text.arm_sub_f32
                0x08052c90      0x214 ..\..\..\libs\libarm_cortexM4lf_math.a(arm_sub_f32.o)
                0x08052c90                arm_sub_f32
 .text.arm_scale_f32
                0x08052ea4      0x274 ..\..\..\libs\libarm_cortexM4lf_math.a(arm_scale_f32.o)
                0x08052ea4                arm_scale_f32
 .text.arm_offset_f32
                0x08053118      0x274 ..\..\..\libs\libarm_cortexM4lf_math.a(arm_offset_f32.o)
                0x08053118                arm_offset_f32
 .text.arm_negate_f32
                0x0805338c      0x268 ..\..\..\libs\libarm_cortexM4lf_math.a(arm_negate_f32.o)
                0x0805338c                arm_negate_f32
 .text.arm_mult_f32
                0x080535f4      0x214 ..\..\..\libs\libarm_cortexM4lf_math.a(arm_mult_f32.o)
                0x080535f4                arm_mult_f32
 .text.arm_add_f32
                0x08053808      0x214 ..\..\..\libs\libarm_cortexM4lf_math.a(arm_add_f32.o)
                0x08053808                arm_add_f32
 *fill*         0x08053a1c        0x4 00
 .text.pow10    0x08053a20       0x18 ..\..\..\libs\libm.a(lib_a-s_pow10.o)
                0x08053a20                pow10
 .text.ceilf    0x08053a38       0x94 ..\..\..\libs\libm.a(lib_a-sf_ceil.o)
                0x08053a38                ceilf
 .text.floorf   0x08053acc       0x9c ..\..\..\libs\libm.a(lib_a-sf_floor.o)
                0x08053acc                floorf
 .text.roundf   0x08053b68       0x5c ..\..\..\libs\libm.a(lib_a-sf_round.o)
                0x08053b68                roundf
 .text.truncf   0x08053bc4       0x34 ..\..\..\libs\libm.a(lib_a-sf_trunc.o)
                0x08053bc4                truncf
 .text.log10    0x08053bf8      0x10c ..\..\..\libs\libm.a(lib_a-w_log10.o)
                0x08053bf8                log10
 .text.pow      0x08053d04      0x370 ..\..\..\libs\libm.a(lib_a-w_pow.o)
                0x08053d04                pow
 .text.sqrt     0x08054074       0xbc ..\..\..\libs\libm.a(lib_a-w_sqrt.o)
                0x08054074                sqrt
 .text.log10f   0x08054130       0xf8 ..\..\..\libs\libm.a(lib_a-wf_log10.o)
                0x08054130                log10f
 .text.powf     0x08054228      0x39c ..\..\..\libs\libm.a(lib_a-wf_pow.o)
                0x08054228                powf
 .text.sqrtf    0x080545c4       0xb4 ..\..\..\libs\libm.a(lib_a-wf_sqrt.o)
                0x080545c4                sqrtf
 .text.__ieee754_log10
                0x08054678      0x138 ..\..\..\libs\libm.a(lib_a-e_log10.o)
                0x08054678                __ieee754_log10
 .text.__ieee754_pow
                0x080547b0      0xb90 ..\..\..\libs\libm.a(lib_a-e_pow.o)
                0x080547b0                __ieee754_pow
 .text.__ieee754_sqrt
                0x08055340      0x1c4 ..\..\..\libs\libm.a(lib_a-e_sqrt.o)
                0x08055340                __ieee754_sqrt
 .text.__ieee754_log10f
                0x08055504       0xbc ..\..\..\libs\libm.a(lib_a-ef_log10.o)
                0x08055504                __ieee754_log10f
 .text.__ieee754_powf
                0x080555c0      0x600 ..\..\..\libs\libm.a(lib_a-ef_pow.o)
                0x080555c0                __ieee754_powf
 .text.__ieee754_sqrtf
                0x08055bc0       0x9c ..\..\..\libs\libm.a(lib_a-ef_sqrt.o)
                0x08055bc0                __ieee754_sqrtf
 .text.fabs     0x08055c5c       0x14 ..\..\..\libs\libm.a(lib_a-s_fabs.o)
                0x08055c5c                fabs
 .text.finite   0x08055c70       0x14 ..\..\..\libs\libm.a(lib_a-s_finite.o)
                0x08055c70                finite
 .text.__fpclassifyd
                0x08055c84       0x70 ..\..\..\libs\libm.a(lib_a-s_fpclassify.o)
                0x08055c84                __fpclassifyd
 .text.matherr  0x08055cf4        0x4 ..\..\..\libs\libm.a(lib_a-s_matherr.o)
                0x08055cf4                matherr
 .text.nan      0x08055cf8       0x10 ..\..\..\libs\libm.a(lib_a-s_nan.o)
                0x08055cf8                nan
 .text.rint     0x08055d08      0x124 ..\..\..\libs\libm.a(lib_a-s_rint.o)
                0x08055d08                rint
 *fill*         0x08055e2c        0x4 00
 .text.scalbn   0x08055e30      0x120 ..\..\..\libs\libm.a(lib_a-s_scalbn.o)
                0x08055e30                scalbn
 .text.fabsf    0x08055f50       0x10 ..\..\..\libs\libm.a(lib_a-sf_fabs.o)
                0x08055f50                fabsf
 .text.finitef  0x08055f60       0x14 ..\..\..\libs\libm.a(lib_a-sf_finite.o)
                0x08055f60                finitef
 .text.__fpclassifyf
                0x08055f74       0x5c ..\..\..\libs\libm.a(lib_a-sf_fpclassify.o)
                0x08055f74                __fpclassifyf
 .text.nanf     0x08055fd0        0xc ..\..\..\libs\libm.a(lib_a-sf_nan.o)
                0x08055fd0                nanf
 .text.scalbnf  0x08055fdc       0xcc ..\..\..\libs\libm.a(lib_a-sf_scalbn.o)
                0x08055fdc                scalbnf
 .text.__ieee754_log
                0x080560a8      0x428 ..\..\..\libs\libm.a(lib_a-e_log.o)
                0x080560a8                __ieee754_log
 .text.__ieee754_logf
                0x080564d0      0x204 ..\..\..\libs\libm.a(lib_a-ef_log.o)
                0x080564d0                __ieee754_logf
 .text.copysign
                0x080566d4       0x24 ..\..\..\libs\libm.a(lib_a-s_copysign.o)
                0x080566d4                copysign
 .text.copysignf
                0x080566f8       0x18 ..\..\..\libs\libm.a(lib_a-sf_copysign.o)
                0x080566f8                copysignf
 .text          0x08056710      0x370 c:/program files (x86)/gnu tools arm embedded/4.7 2014q2/bin/../lib/gcc/arm-none-eabi/4.7.4/armv7e-m/fpu\libgcc.a(_arm_addsubdf3.o)
                0x08056710                __aeabi_drsub
                0x08056718                __aeabi_dsub
                0x08056718                __subdf3
                0x0805671c                __aeabi_dadd
                0x0805671c                __adddf3
                0x08056994                __floatunsidf
                0x08056994                __aeabi_ui2d
                0x080569b4                __floatsidf
                0x080569b4                __aeabi_i2d
                0x080569d8                __aeabi_f2d
                0x080569d8                __extendsfdf2
                0x08056a14                __floatundidf
                0x08056a14                __aeabi_ul2d
                0x08056a24                __floatdidf
                0x08056a24                __aeabi_l2d
 .text          0x08056a80      0x424 c:/program files (x86)/gnu tools arm embedded/4.7 2014q2/bin/../lib/gcc/arm-none-eabi/4.7.4/armv7e-m/fpu\libgcc.a(_arm_muldivdf3.o)
                0x08056a80                __aeabi_dmul
                0x08056a80                __muldf3
                0x08056cd4                __divdf3
                0x08056cd4                __aeabi_ddiv
 .text          0x08056ea4      0x110 c:/program files (x86)/gnu tools arm embedded/4.7 2014q2/bin/../lib/gcc/arm-none-eabi/4.7.4/armv7e-m/fpu\libgcc.a(_arm_cmpdf2.o)
                0x08056ea4                __gtdf2
                0x08056ea4                __gedf2
                0x08056eac                __ltdf2
                0x08056eac                __ledf2
                0x08056eb4                __nedf2
                0x08056eb4                __eqdf2
                0x08056eb4                __cmpdf2
                0x08056f30                __aeabi_cdrcmple
                0x08056f40                __aeabi_cdcmpeq
                0x08056f40                __aeabi_cdcmple
                0x08056f50                __aeabi_dcmpeq
                0x08056f64                __aeabi_dcmplt
                0x08056f78                __aeabi_dcmple
                0x08056f8c                __aeabi_dcmpge
                0x08056fa0                __aeabi_dcmpgt
 .text          0x08056fb4       0xa0 c:/program files (x86)/gnu tools arm embedded/4.7 2014q2/bin/../lib/gcc/arm-none-eabi/4.7.4/armv7e-m/fpu\libgcc.a(_arm_truncdfsf2.o)
                0x08056fb4                __truncdfsf2
                0x08056fb4                __aeabi_d2f
 .text.__register_exitproc
                0x08057054       0xac ..\..\..\libs\libc.a(lib_a-__atexit.o)
                0x08057054                __register_exitproc
 .text.__errno  0x08057100        0xc ..\..\..\libs\libc.a(lib_a-errno.o)
                0x08057100                __errno
 .text.__libc_fini_array
                0x0805710c       0x2c ..\..\..\libs\libc.a(lib_a-fini.o)
                0x0805710c                __libc_fini_array
 .text.memcmp   0x08057138       0x60 ..\..\..\libs\libc.a(lib_a-memcmp.o)
                0x08057138                memcmp
 .text.memset   0x08057198       0x90 ..\..\..\libs\libc.a(lib_a-memset.o)
                0x08057198                memset
 .text.strlen   0x08057228       0x60 ..\..\..\libs\libc.a(lib_a-strlen.o)
                0x08057228                strlen
 .text.startup.register_fini
                0x08057288       0x14 ..\..\..\libs\libc.a(lib_a-__call_atexit.o)
 .text.atexit   0x0805729c        0xc ..\..\..\libs\libc.a(lib_a-atexit.o)
                0x0805729c                atexit
 *(.init)
 .init          0x080572a8        0x4 c:/program files (x86)/gnu tools arm embedded/4.7 2014q2/bin/../lib/gcc/arm-none-eabi/4.7.4/armv7e-m/fpu/crti.o
                0x080572a8                _init
 .init          0x080572ac        0x8 c:/program files (x86)/gnu tools arm embedded/4.7 2014q2/bin/../lib/gcc/arm-none-eabi/4.7.4/armv7e-m/fpu/crtn.o
 *(.fini)
 .fini          0x080572b4        0x4 c:/program files (x86)/gnu tools arm embedded/4.7 2014q2/bin/../lib/gcc/arm-none-eabi/4.7.4/armv7e-m/fpu/crti.o
                0x080572b4                _fini
 .fini          0x080572b8        0x8 c:/program files (x86)/gnu tools arm embedded/4.7 2014q2/bin/../lib/gcc/arm-none-eabi/4.7.4/armv7e-m/fpu/crtn.o
 *crtbegin.o(.ctors)
 *crtbegin?.o(.ctors)
 *(EXCLUDE_FILE(*crtend.o *crtend?.o) .ctors)
 *(SORT(.ctors.*))
 *(.ctors)
 *crtbegin.o(.dtors)
 *crtbegin?.o(.dtors)
 *(EXCLUDE_FILE(*crtend.o *crtend?.o) .dtors)
 *(SORT(.dtors.*))
 *(.dtors)
 *(.rodata*)
 .rodata        0x080572c0     0x3ef8 ..\obj\ui_lcd_hy28_fonts.o
                0x080572c0                GL_ASCII16x24_Table
                0x08058490                GL_ASCII12x12_Table
                0x08058d90                GL_ASCII8x12_Table
                0x08059690                GL_ASCII8x12_bold_Table
                0x0805ab90                GL_ASCII8x8_Table
                0x0805b190                GL_Font16x24
                0x0805b198                GL_Font12x12
                0x0805b1a0                GL_Font8x12
                0x0805b1a8                GL_Font8x12_bold
                0x0805b1b0                GL_Font8x8
 .rodata        0x0805b1b8       0x30 ..\obj\keyb_driver.o
 .rodata        0x0805b1e8      0x800 ..\obj\softdds.o
                0x0805b1e8                DDS_TABLE
 .rodata        0x0805b9e8      0x1dc ..\obj\ui_lcd_hy28.o
 .rodata        0x0805bbc4       0x24 ..\obj\printf.o
 .rodata        0x0805bbe8       0x10 ..\obj\stm32f4xx_rcc.o
                0x0805bbe8                APBAHBPrescTable
 .rodata        0x0805bbf8      0x4bc ..\obj\main.o
                0x0805bbf8                VirtAddVarTab
 .rodata        0x0805c0b4      0x988 ..\obj\audio_driver.o
                0x0805c0b4                IIR_300hz_numStages
                0x0805c0b8                IIR_300hz_750_pkCoeffs
                0x0805c0e0                IIR_300hz_750_pvCoeffs
                0x0805c10c                IIR_300hz_800_pkCoeffs
                0x0805c134                IIR_300hz_800_pvCoeffs
                0x0805c160                IIR_300hz_850_pkCoeffs
                0x0805c188                IIR_300hz_850_pvCoeffs
                0x0805c1b4                IIR_300hz_900_pkCoeffs
                0x0805c1dc                IIR_300hz_900_pvCoeffs
                0x0805c208                IIR_300hz_950_pkCoeffs
                0x0805c230                IIR_300hz_950_pvCoeffs
                0x0805c25c                IIR_300hz_700_pkCoeffs
                0x0805c284                IIR_300hz_700_pvCoeffs
                0x0805c2b0                IIR_300hz_650_pkCoeffs
                0x0805c2d8                IIR_300hz_650_pvCoeffs
                0x0805c304                IIR_300hz_600_pkCoeffs
                0x0805c32c                IIR_300hz_600_pvCoeffs
                0x0805c358                IIR_300hz_550_pkCoeffs
                0x0805c380                IIR_300hz_550_pvCoeffs
                0x0805c3ac                IIR_300hz_500_pkCoeffs
                0x0805c3d4                IIR_300hz_500_pvCoeffs
                0x0805c400                IIR_500hz_numStages
                0x0805c404                IIR_500hz_750_pkCoeffs
                0x0805c42c                IIR_500hz_750_pvCoeffs
                0x0805c458                IIR_500hz_850_pkCoeffs
                0x0805c480                IIR_500hz_850_pvCoeffs
                0x0805c4ac                IIR_500hz_950_pkCoeffs
                0x0805c4d4                IIR_500hz_950_pvCoeffs
                0x0805c500                IIR_500hz_650_pkCoeffs
                0x0805c528                IIR_500hz_650_pvCoeffs
                0x0805c554                IIR_500hz_550_pkCoeffs
                0x0805c57c                IIR_500hz_550_pvCoeffs
                0x0805c5a8                IIR_1k8_numStages
                0x0805c5ac                IIR_1k8_1k425_pkCoeffs
                0x0805c5d4                IIR_1k8_1k425_pvCoeffs
                0x0805c600                IIR_1k8_1k275_pkCoeffs
                0x0805c628                IIR_1k8_1k275_pvCoeffs
                0x0805c654                IIR_1k8_1k125_pkCoeffs
                0x0805c67c                IIR_1k8_1k125_pvCoeffs
                0x0805c6a8                IIR_1k8_1k575_pkCoeffs
                0x0805c6d0                IIR_1k8_1k575_pvCoeffs
                0x0805c6fc                IIR_1k8_1k725_pkCoeffs
                0x0805c724                IIR_1k8_1k725_pvCoeffs
                0x0805c750                IIR_2k3_numStages
                0x0805c754                IIR_2k3_1k412_pkCoeffs
                0x0805c77c                IIR_2k3_1k412_pvCoeffs
                0x0805c7a8                IIR_2k3_1k275_pkCoeffs
                0x0805c7d0                IIR_2k3_1k275_pvCoeffs
                0x0805c7fc                IIR_2k3_1k562_pkCoeffs
                0x0805c824                IIR_2k3_1k562_pvCoeffs
                0x0805c850                IIR_2k3_1k712_pkCoeffs
                0x0805c878                IIR_2k3_1k712_pvCoeffs
                0x0805c8a4                IIR_3k6_numStages
                0x0805c8a8                IIR_3k6_pkCoeffs
                0x0805c8d0                IIR_3k6_pvCoeffs
                0x0805c8fc                IIR_10k_numStages
                0x0805c900                IIR_10k_pkCoeffs
                0x0805c920                IIR_10k_pvCoeffs
                0x0805c944                IIR_TX_2k7_numStages
                0x0805c948                IIR_TX_2k7_pkCoeffs
                0x0805c970                IIR_TX_2k7_pvCoeffs
                0x0805c99c                FirRxDecimate
                0x0805c9ac                FirRxDecimateMinLPF
                0x0805c9bc                FirRxInterpolate
                0x0805c9fc                FirRxInterpolate10KHZ
 .rodata        0x0805ca3c     0x31f4 ..\obj\ui_driver.o
                0x0805ca3c                waterfall_grey
                0x0805cac0                waterfall_cold_hot
                0x0805cb44                old_waterfall_cold_hot
                0x0805cbc8                waterfall_rainbow
                0x0805cc4c                old_waterfall_rainbow
                0x0805ccd0                q_rx_10k_coeffs
                0x0805ce34                q_rx_10k_coeffs_minus
                0x0805cf98                q_rx_10k_coeffs_plus
                0x0805d0fc                i_rx_10k_coeffs
                0x0805d260                q_rx_7k5_coeffs
                0x0805d3c4                q_rx_7k5_coeffs_minus
                0x0805d528                q_rx_7k5_coeffs_plus
                0x0805d68c                i_rx_7k5_coeffs
                0x0805d7f0                q_rx_6k_coeffs
                0x0805d954                q_rx_6k_coeffs_minus
                0x0805dab8                q_rx_6k_coeffs_plus
                0x0805dc1c                i_rx_6k_coeffs
                0x0805dd80                q_rx_5k_coeffs
                0x0805dee4                q_rx_5k_coeffs_minus
                0x0805e048                q_rx_5k_coeffs_plus
                0x0805e1ac                i_rx_5k_coeffs
                0x0805e310                q_rx_3k6_coeffs
                0x0805e474                q_rx_3k6_coeffs_minus
                0x0805e5d8                q_rx_3k6_coeffs_plus
                0x0805e73c                i_rx_3k6_coeffs
                0x0805e8a0                q_tx_coeffs
                0x0805ea04                q_tx_coeffs_minus
                0x0805eb68                q_tx_coeffs_plus
                0x0805eccc                i_tx_coeffs
                0x0805ee30                iq_rx_am_10k_coeffs
                0x0805ef94                iq_rx_am_7k5_coeffs
                0x0805f0f8                iq_rx_am_6k_coeffs
                0x0805f25c                iq_rx_am_5k_coeffs
                0x0805f3c0                iq_rx_am_3k6_coeffs
                0x0805f524                iq_rx_am_2k3_coeffs
                0x0805f688                tune_steps
                0x0805f6a8                tune_bands
                0x0805f6cc                size_bands
                0x0805f6f0                bm
                0x0805f770                S_Meter_Cal
 .rodata        0x0805fc30      0x1f0 ..\obj\usbh_hid_keybd.o
 .rodata        0x0805fe20       0xa8 ..\obj\mchf_board.o
 .rodata        0x0805fec8       0x80 ..\obj\cw_gen.o
                0x0805fec8                sm_table
 .rodata        0x0805ff48       0x30 ..\obj\cat_driver.o
 .rodata        0x0805ff78        0xc ..\obj\usbd_cdc_vcp.o
 .rodata        0x0805ff84      0xe84 ..\obj\ui_menu.o
 .rodata        0x08060e08       0x74 ..\obj\usbh_usr.o
 .rodata        0x08060e7c       0x98 ..\obj\usbd_desc.o
 .rodata        0x08060f14        0x4 ..\obj\usbh_core.o
 .rodata        0x08060f18       0x4c ..\obj\ui_si570.o
                0x08060f18                hs_div
                0x08060f20                fdco_max
                0x08060f24                fdco_min
 .rodata        0x08060f64     0x4000 ..\..\..\libs\libarm_cortexM4lf_math.a(arm_rfft_init_f32.o)
 .rodata        0x08064f64     0x2000 ..\..\..\libs\libarm_cortexM4lf_math.a(arm_cfft_radix4_init_f32.o)
 .rodata        0x08066f64      0x40c ..\..\..\libs\libarm_cortexM4lf_math.a(arm_sin_f32.o)
 .rodata        0x08067370      0x40c ..\..\..\libs\libarm_cortexM4lf_math.a(arm_cos_f32.o)
 .rodata        0x0806777c      0x380 ..\..\..\libs\libarm_cortexM4lf_math.a(arm_common_tables.o)
                0x0806777c                armRecipTableQ31
                0x0806787c                armRecipTableQ15
                0x080678fc                armBitRevTable
 .rodata.str1.4
                0x08067afc        0x6 ..\..\..\libs\libm.a(lib_a-w_log10.o)
                                  0xc (size before relaxing)
 *fill*         0x08067b02        0x2 00
 .rodata.str1.4
                0x08067b04        0x4 ..\..\..\libs\libm.a(lib_a-w_pow.o)
 .rodata.str1.4
                0x08067b08        0x5 ..\..\..\libs\libm.a(lib_a-w_sqrt.o)
                                  0x8 (size before relaxing)
 *fill*         0x08067b0d        0x3 00
 .rodata.str1.4
                0x08067b10        0x7 ..\..\..\libs\libm.a(lib_a-wf_log10.o)
                                  0xc (size before relaxing)
 *fill*         0x08067b17        0x1 00
 .rodata.str1.4
                0x08067b18        0x5 ..\..\..\libs\libm.a(lib_a-wf_pow.o)
                                  0x8 (size before relaxing)
 *fill*         0x08067b1d        0x3 00
 .rodata.str1.4
                0x08067b20        0x6 ..\..\..\libs\libm.a(lib_a-wf_sqrt.o)
                                  0x8 (size before relaxing)
 *fill*         0x08067b26        0x2 00
 .rodata.dp_h   0x08067b28       0x10 ..\..\..\libs\libm.a(lib_a-e_pow.o)
 .rodata.dp_l   0x08067b38       0x10 ..\..\..\libs\libm.a(lib_a-e_pow.o)
 .rodata.bp     0x08067b48       0x10 ..\..\..\libs\libm.a(lib_a-e_pow.o)
 .rodata.str1.4
                0x00000000        0x4 ..\..\..\libs\libm.a(lib_a-e_pow.o)
 .rodata.dp_h   0x08067b58        0x8 ..\..\..\libs\libm.a(lib_a-ef_pow.o)
 .rodata.dp_l   0x08067b60        0x8 ..\..\..\libs\libm.a(lib_a-ef_pow.o)
 .rodata.bp     0x08067b68        0x8 ..\..\..\libs\libm.a(lib_a-ef_pow.o)
 .rodata.str1.4
                0x00000000        0x4 ..\..\..\libs\libm.a(lib_a-ef_pow.o)
 .rodata.TWO52  0x08067b70       0x10 ..\..\..\libs\libm.a(lib_a-s_rint.o)
 .rodata.str1.4
                0x08067b80        0x4 ..\..\..\libs\libc.a(lib_a-impure.o)
 .rodata._global_impure_ptr
                0x08067b84        0x4 ..\..\..\libs\libc.a(lib_a-impure.o)
                0x08067b84                _global_impure_ptr
 *(.eh_fram e*)

.eh_frame       0x08067b88        0x0
 .eh_frame      0x08067b88        0x0 c:/program files (x86)/gnu tools arm embedded/4.7 2014q2/bin/../lib/gcc/arm-none-eabi/4.7.4/armv7e-m/fpu/crtbegin.o

.glue_7         0x08067b88        0x0
 .glue_7        0x00000000        0x0 linker stubs

.glue_7t        0x08067b88        0x0
 .glue_7t       0x00000000        0x0 linker stubs

.vfp11_veneer   0x08067b88        0x0
 .vfp11_veneer  0x00000000        0x0 linker stubs

.v4_bx          0x08067b88        0x0
 .v4_bx         0x00000000        0x0 linker stubs

.iplt           0x08067b88        0x0
 .iplt          0x00000000        0x0 c:/program files (x86)/gnu tools arm embedded/4.7 2014q2/bin/../lib/gcc/arm-none-eabi/4.7.4/armv7e-m/fpu/crtbegin.o

.rel.dyn        0x08067b88        0x0
 .rel.iplt      0x00000000        0x0 c:/program files (x86)/gnu tools arm embedded/4.7 2014q2/bin/../lib/gcc/arm-none-eabi/4.7.4/armv7e-m/fpu/crtbegin.o

.ARM.extab
 *(.ARM.extab* .gnu.linkonce.armextab.*)
                0x08067b88                __exidx_start = .

.ARM.exidx
 *(.ARM.exidx* .gnu.linkonce.armexidx.*)
                0x08067b88                __exidx_end = .
                0x08067b88                __etext = .
                0x08067b88                _sidata = __etext

.data           0x20000000      0x6dc load address 0x08067b88
                0x20000000                __data_start__ = .
                0x20000000                _sdata = __data_start__
 *(vtable)
 *(.data*)
 .data          0x20000000        0x1 ..\obj\audio_driver.o
 *fill*         0x20000001        0x3 00
 .data          0x20000004        0x4 ..\obj\mchf_hw_i2c2.o
                0x20000004                I2C2_Timeout
 .data          0x20000008       0x74 ..\obj\usbd_cdc_core.o
                0x20000008                usbd_cdc_CfgDesc
                0x20000050                USBD_CDC_cb
 .data          0x2000007c       0xe8 ..\obj\ui_driver.o
                0x2000007c                tcxo_table_20m
 .data          0x20000164        0x8 ..\obj\usbh_hid_keybd.o
                0x20000164                HID_KEYBRD_cb
 .data          0x2000016c        0x4 ..\obj\mchf_hw_i2c.o
                0x2000016c                I2C1_Timeout
 .data          0x20000170       0x10 ..\obj\usbh_hid_core.o
                0x20000170                HID_cb
 .data          0x20000180       0x1c ..\obj\usbd_cdc_vcp.o
                0x20000180                linecoding
                0x20000188                VCP_fops
 .data          0x2000019c       0x1c ..\obj\usbd_usr.o
                0x2000019c                USR_cb
 .data          0x200001b8       0x20 ..\obj\ui_menu.o
 .data          0x200001d8       0x48 ..\obj\usbh_usr.o
                0x200001d8                USR_Callbacks
 .data          0x20000220       0x40 ..\obj\usbd_desc.o
                0x20000220                USR_desc
                0x2000023c                USBD_DeviceDesc
                0x20000250                USBD_DeviceQualifierDesc
                0x2000025c                USBD_LangIDDesc
 .data          0x20000260        0x8 ..\obj\usbh_hid_mouse.o
                0x20000260                HID_MOUSE_cb
 .data          0x20000268       0x30 ..\obj\usbd_core.o
                0x20000268                USBD_DCD_INT_cb
                0x20000294                USBD_DCD_INT_fops
 .data.__fdlib_version
                0x20000298        0x1 ..\..\..\libs\libm.a(lib_a-s_lib_ver.o)
                0x20000298                __fdlib_version
 *fill*         0x20000299        0x7 00
 .data.impure_data
                0x200002a0      0x428 ..\..\..\libs\libc.a(lib_a-impure.o)
 .data._impure_ptr
                0x200006c8        0x4 ..\..\..\libs\libc.a(lib_a-impure.o)
                0x200006c8                _impure_ptr
                0x200006cc                . = ALIGN (0x4)
                0x200006cc                PROVIDE (__preinit_array_start, .)
 *(.preinit_array)
                0x200006cc                PROVIDE (__preinit_array_end, .)
                0x200006cc                . = ALIGN (0x4)
                0x200006cc                PROVIDE (__init_array_start, .)
 *(SORT(.init_array.*))
 .init_array.00000
                0x200006cc        0x4 ..\..\..\libs\libc.a(lib_a-__call_atexit.o)
 *(.init_array)
 .init_array    0x200006d0        0x4 c:/program files (x86)/gnu tools arm embedded/4.7 2014q2/bin/../lib/gcc/arm-none-eabi/4.7.4/armv7e-m/fpu/crtbegin.o
                0x200006d4                PROVIDE (__init_array_end, .)
                0x200006d4                . = ALIGN (0x4)
                0x200006d4                PROVIDE (__fini_array_start, .)
 *(SORT(.fini_array.*))
 *(.fini_array)
 .fini_array    0x200006d4        0x4 c:/program files (x86)/gnu tools arm embedded/4.7 2014q2/bin/../lib/gcc/arm-none-eabi/4.7.4/armv7e-m/fpu/crtbegin.o
                0x200006d8                PROVIDE (__fini_array_end, .)
 *(.jcr*)
 .jcr           0x200006d8        0x0 c:/program files (x86)/gnu tools arm embedded/4.7 2014q2/bin/../lib/gcc/arm-none-eabi/4.7.4/armv7e-m/fpu/crtbegin.o
 .jcr           0x200006d8        0x4 c:/program files (x86)/gnu tools arm embedded/4.7 2014q2/bin/../lib/gcc/arm-none-eabi/4.7.4/armv7e-m/fpu/crtend.o
                0x200006dc                . = ALIGN (0x4)
                0x200006dc                __data_end__ = .
                0x200006dc                _edata = __data_end__

.igot.plt       0x200006dc        0x0 load address 0x08068264
 .igot.plt      0x00000000        0x0 c:/program files (x86)/gnu tools arm embedded/4.7 2014q2/bin/../lib/gcc/arm-none-eabi/4.7.4/armv7e-m/fpu/crtbegin.o

.bss            0x200006e0    0x18c30 load address 0x08068268
                0x200006e0                . = ALIGN (0x4)
                0x200006e0                __bss_start__ = .
                0x200006e0                _sbss = __bss_start__
 *(.bss*)
 .bss           0x200006e0       0x1c c:/program files (x86)/gnu tools arm embedded/4.7 2014q2/bin/../lib/gcc/arm-none-eabi/4.7.4/armv7e-m/fpu/crtbegin.o
 .bss           0x200006fc       0x90 ..\obj\i2s.o
 .bss           0x2000078c        0x8 ..\obj\main.o
                0x2000078c                TimingDelay
                0x20000790                wd_init_enabled
 .bss           0x20000794     0x3c40 ..\obj\audio_driver.o
 .bss           0x200043d4       0x1c ..\obj\usbd_cdc_core.o
                0x200043d8                APP_Rx_ptr_in
                0x200043dc                APP_Rx_ptr_out
                0x200043e0                APP_Rx_length
                0x200043e4                USB_Tx_State
 .bss           0x200043f0      0xa44 ..\obj\ui_driver.o
                0x200045e4                unmute_delay
                0x200045e8                drv_state
                0x200045e9                drv_init
                0x20004dec                ptt_break
 .bss           0x20004e34       0x20 ..\obj\usbh_hid_keybd.o
 .bss           0x20004e54        0x4 ..\obj\usbh_stdreq.o
 .bss           0x20004e58        0x4 ..\obj\usbh_bsp.o
                0x20004e58                BSP_delay
 .bss           0x20004e5c        0x1 ..\obj\usbh_hid_core.o
                0x20004e5c                start_toggle
 .bss           0x20004e5d        0x1 ..\obj\ui_menu.o
 *fill*         0x20004e5e        0x2 00
 .bss           0x20004e60        0x4 ..\obj\usbh_usr.o
 .bss           0x20004e64       0x10 ..\obj\usbd_req.o
                0x20004e64                USBD_ep_status
                0x20004e68                USBD_default_cfg
                0x20004e6c                USBD_cfg_status
 .bss           0x20004e74        0x2 ..\obj\usbh_core.o
 .bss           0x20004e76        0x2 ..\obj\eeprom.o
                0x20004e76                DataVar
 .bss           0x20004e78        0x8 ..\obj\api_dsp.o
                0x20004e78                api_drv_dissabled
                0x20004e79                pub_v
                0x20004e7a                led_s
                0x20004e7c                pro_s
 *(COMMON)
 COMMON         0x20004e80      0xb18 ..\obj\keyb_driver.o
                0x20004e80                USB_OTG_Core_dev
                0x20005914                USB_Host
 COMMON         0x20005998        0x4 ..\obj\softdds.o
                0x20005998                step
 COMMON         0x2000599c      0x1ac ..\obj\ui_lcd_hy28.o
                0x2000599c                ts
 COMMON         0x20005b48    0x113c4 ..\obj\audio_driver.o
                0x20005b48                lms1StateF32
                0x20005f48                lms2StateF32
                0x20006348                lms1_instance
                0x20006358                errsig2
                0x20006480                lms2_nr_delay
                0x20006cc0                rx_buffer
                0x20006dc4                interpState
                0x20006e88                tx_buffer
                0x20006f8c                errsig1
                0x200070b4                FIR_Q
                0x200070c0                iir_tx_state
                0x20007184                lms1NormCoeff_f32
                0x20007584                lms2NormCoeff_f32
                0x20007984                FIR_Q_TX
                0x20007990                sd
                0x20015280                result
                0x200153a8                agc_delay
                0x200158e8                lms1Norm_instance
                0x20015900                FIR_I_TX
                0x2001590c                FIR_I
                0x20015918                decimState
                0x200159dc                sm
                0x200159f0                IIR_TXFilter
                0x20015a00                lms1_nr_delay
                0x20016240                lms2Norm_instance
                0x20016258                ads
                0x20016efc                lms2_instance
 COMMON         0x20016f0c      0x88c ..\obj\usbd_cdc_core.o
                0x20016f0c                usbd_cdc_OtherCfgDesc
                0x20016f50                USB_Rx_Buffer
                0x20016f90                CmdBuff
                0x20016f98                APP_Rx_Buffer
 COMMON         0x20017798      0x244 ..\obj\ui_driver.o
                0x20017798                band_decod_mode
                0x200177c0                ks
                0x200177e4                kd
                0x200177e8                pwmt
                0x200177f8                band_filter_mode
                0x20017820                band_dial_value
                0x20017848                es
                0x2001784c                band_decod_mode_a
                0x20017874                band_decod_mode_b
                0x2001789c                df
                0x200178d4                lo
                0x200178e4                ets
                0x200178f0                band_dial_value_b
                0x20017918                band_filter_mode_a
                0x20017940                swrm
                0x20017974                band_dial_value_a
                0x2001799c                ews
                0x200179a8                eos
                0x200179b4                band_filter_mode_b
 COMMON         0x200179dc      0x820 ..\obj\mchf_board.o
                0x200179dc                fc
 COMMON         0x200181fc      0x200 ..\obj\usbh_stdreq.o
                0x200181fc                USBH_CfgDesc
 COMMON         0x200183fc       0x18 ..\obj\cw_gen.o
                0x200183fc                ps
 COMMON         0x20018414       0xb0 ..\obj\usbh_hid_core.o
                0x20018414                HID_Report
                0x2001845c                HID_Machine
                0x200184b0                HID_Desc
                0x200184bc                HID_Setup
 COMMON         0x200184c4      0xa94 ..\obj\cat_driver.o
                0x200184c4                USB_OTG_dev
 COMMON         0x20018f58       0x36 ..\obj\usbh_usr.o
                0x20018f58                kbs
 *fill*         0x20018f8e        0x2 00
 COMMON         0x20018f90       0xff ..\obj\usbd_req.o
                0x20018f90                USBD_StrDesc
 *fill*         0x2001908f        0x1 00
 COMMON         0x20019090        0x4 ..\obj\usbh_hid_mouse.o
                0x20019090                HID_MOUSE_Data
 COMMON         0x20019094        0x4 ..\obj\usbd_core.o
                0x20019094                SET_TEST_MODE
 COMMON         0x20019098      0x258 ..\obj\api_dsp.o
                0x20019098                in_buffer
                0x200191c4                ou_buffer
 COMMON         0x200192f0       0x20 ..\obj\ui_si570.o
                0x200192f0                os
                0x20019310                . = ALIGN (0x4)
                0x20019310                __bss_end__ = .
                0x20019310                _ebss = __bss_end__

.heap           0x20019310        0x0
                0x20019310                __end__ = .
                0x20019310                _end = __end__
                0x20019310                end = __end__
 *(.heap*)
                0x20019310                __HeapLimit = .

.co_stack       0x20019310     0x1000 load address 0x08080e98
                0x20019310                . = ALIGN (0x8)
 *(.co_stack .co_stack.*)
 .co_stack      0x20019310     0x1000 ..\obj\startup_stm32f4xx.o
                0x20019310                pulStack
                0x20020000                __StackTop = (ORIGIN (ram) + 0x20000)
                0x2001f000                __StackLimit = (__StackTop - SIZEOF (.co_stack))
                0x20020000                PROVIDE (__stack, __StackTop)
                0x00000001                ASSERT ((__StackLimit >= __HeapLimit), region ram  overflowed with stack)
LOAD ..\obj\ui_lcd_hy28_fonts.o
LOAD ..\obj\stm32f4xx_usart.o
LOAD ..\obj\usb_otg.o
LOAD ..\obj\usbd_ioreq.o
LOAD ..\obj\i2s.o
LOAD ..\obj\keyb_driver.o
LOAD ..\obj\softdds.o
LOAD ..\obj\ui_lcd_hy28.o
LOAD ..\obj\printf.o
LOAD ..\obj\stm32f4xx_syscfg.o
LOAD ..\obj\stm32f4xx_rcc.o
LOAD ..\obj\stm32f4xx_pwr.o
LOAD ..\obj\ui_rotary.o
LOAD ..\obj\main.o
LOAD ..\obj\stm32f4xx_gpio.o
LOAD ..\obj\audio_driver.o
LOAD ..\obj\stm32f4xx_dma.o
LOAD ..\obj\stm32f4xx_fsmc.o
LOAD ..\obj\mchf_hw_i2c2.o
LOAD ..\obj\stm32f4xx_adc.o
LOAD ..\obj\usb_dcd.o
LOAD ..\obj\usbd_cdc_core.o
LOAD ..\obj\ui_driver.o
LOAD ..\obj\usbh_hid_keybd.o
LOAD ..\obj\mchf_hw_i2c.o
LOAD ..\obj\stm32f4xx_exti.o
LOAD ..\obj\mchf_board.o
LOAD ..\obj\usbh_stdreq.o
LOAD ..\obj\cw_gen.o
LOAD ..\obj\usbh_ioreq.o
LOAD ..\obj\usb_core.o
LOAD ..\obj\usbh_bsp.o
LOAD ..\obj\stm32f4xx_spi.o
LOAD ..\obj\syscalls.o
LOAD ..\obj\usb_hcd_int.o
LOAD ..\obj\stm32f4xx_dac.o
LOAD ..\obj\stm32f4xx_wwdg.o
LOAD ..\obj\stm32f4xx_rtc.o
LOAD ..\obj\usbh_hid_core.o
LOAD ..\obj\cat_driver.o
LOAD ..\obj\usbd_cdc_vcp.o
LOAD ..\obj\startup_stm32f4xx.o
LOAD ..\obj\usbd_usr.o
LOAD ..\obj\ui_menu.o
LOAD ..\obj\system_stm32f4xx.o
LOAD ..\obj\usbh_usr.o
LOAD ..\obj\usb_hcd.o
LOAD ..\obj\usbd_desc.o
LOAD ..\obj\usbd_req.o
LOAD ..\obj\usbh_hid_mouse.o
LOAD ..\obj\usbh_hcs.o
LOAD ..\obj\stm32f4xx_flash.o
LOAD ..\obj\usbd_core.o
LOAD ..\obj\misc.o
LOAD ..\obj\usb_dcd_int.o
LOAD ..\obj\stm32f4xx_i2c.o
LOAD ..\obj\usbd_bsp.o
LOAD ..\obj\usbh_core.o
LOAD ..\obj\eeprom.o
LOAD ..\obj\usbd_audio_core.o
LOAD ..\obj\api_dsp.o
LOAD ..\obj\ui_si570.o
LOAD ..\obj\stm32f4xx_tim.o
LOAD ..\obj\codec.o
LOAD ..\obj\usbd_audio_out_if.o
LOAD ..\..\..\libs\libarm_cortexM4lf_math.a
LOAD ..\..\..\libs\libm.a
LOAD c:/program files (x86)/gnu tools arm embedded/4.7 2014q2/bin/../lib/gcc/arm-none-eabi/4.7.4/armv7e-m/fpu\libgcc.a
LOAD ..\..\..\libs\libc.a