Archive member included because of file (symbol)

..\..\..\libs\libarm_cortexM4lf_math.a(arm_fill_q15.o)
                              ..\obj\audio_driver.o (arm_fill_q15)
..\..\..\libs\libarm_cortexM4lf_math.a(arm_fill_f32.o)
                              ..\obj\audio_driver.o (arm_fill_f32)
..\..\..\libs\libarm_cortexM4lf_math.a(arm_copy_q15.o)
                              ..\obj\ui_driver.o (arm_copy_q15)
..\..\..\libs\libarm_cortexM4lf_math.a(arm_copy_f32.o)
                              ..\obj\audio_driver.o (arm_copy_f32)
..\..\..\libs\libarm_cortexM4lf_math.a(arm_min_q15.o)
                              ..\obj\ui_driver.o (arm_min_q15)
..\..\..\libs\libarm_cortexM4lf_math.a(arm_min_f32.o)
                              ..\obj\audio_driver.o (arm_min_f32)
..\..\..\libs\libarm_cortexM4lf_math.a(arm_mean_q15.o)
                              ..\obj\ui_driver.o (arm_mean_q15)
..\..\..\libs\libarm_cortexM4lf_math.a(arm_mean_f32.o)
                              ..\obj\audio_driver.o (arm_mean_f32)
..\..\..\libs\libarm_cortexM4lf_math.a(arm_max_q15.o)
                              ..\obj\ui_driver.o (arm_max_q15)
..\..\..\libs\libarm_cortexM4lf_math.a(arm_max_f32.o)
                              ..\obj\audio_driver.o (arm_max_f32)
..\..\..\libs\libarm_cortexM4lf_math.a(arm_rfft_init_f32.o)
                              ..\obj\ui_driver.o (arm_rfft_init_f32)
..\..\..\libs\libarm_cortexM4lf_math.a(arm_rfft_f32.o)
                              ..\obj\ui_driver.o (arm_rfft_f32)
..\..\..\libs\libarm_cortexM4lf_math.a(arm_cfft_radix4_init_f32.o)
                              ..\..\..\libs\libarm_cortexM4lf_math.a(arm_rfft_init_f32.o) (arm_cfft_radix4_init_f32)
..\..\..\libs\libarm_cortexM4lf_math.a(arm_cfft_radix4_f32.o)
                              ..\..\..\libs\libarm_cortexM4lf_math.a(arm_rfft_f32.o) (arm_radix4_butterfly_f32)
..\..\..\libs\libarm_cortexM4lf_math.a(arm_lms_norm_init_f32.o)
                              ..\obj\audio_driver.o (arm_lms_norm_init_f32)
..\..\..\libs\libarm_cortexM4lf_math.a(arm_lms_norm_f32.o)
                              ..\obj\audio_driver.o (arm_lms_norm_f32)
..\..\..\libs\libarm_cortexM4lf_math.a(arm_iir_lattice_f32.o)
                              ..\obj\audio_driver.o (arm_iir_lattice_f32)
..\..\..\libs\libarm_cortexM4lf_math.a(arm_fir_interpolate_f32.o)
                              ..\obj\audio_driver.o (arm_fir_interpolate_f32)
..\..\..\libs\libarm_cortexM4lf_math.a(arm_fir_init_f32.o)
                              ..\obj\ui_driver.o (arm_fir_init_f32)
..\..\..\libs\libarm_cortexM4lf_math.a(arm_fir_f32.o)
                              ..\obj\audio_driver.o (arm_fir_f32)
..\..\..\libs\libarm_cortexM4lf_math.a(arm_fir_decimate_f32.o)
                              ..\obj\audio_driver.o (arm_fir_decimate_f32)
..\..\..\libs\libarm_cortexM4lf_math.a(arm_cmplx_mag_f32.o)
                              ..\obj\ui_driver.o (arm_cmplx_mag_f32)
..\..\..\libs\libarm_cortexM4lf_math.a(arm_sin_f32.o)
                              ..\obj\audio_driver.o (arm_sin_f32)
..\..\..\libs\libarm_cortexM4lf_math.a(arm_cos_f32.o)
                              ..\obj\audio_driver.o (arm_cos_f32)
..\..\..\libs\libarm_cortexM4lf_math.a(arm_sub_f32.o)
                              ..\obj\audio_driver.o (arm_sub_f32)
..\..\..\libs\libarm_cortexM4lf_math.a(arm_scale_f32.o)
                              ..\obj\audio_driver.o (arm_scale_f32)
..\..\..\libs\libarm_cortexM4lf_math.a(arm_offset_f32.o)
                              ..\obj\audio_driver.o (arm_offset_f32)
..\..\..\libs\libarm_cortexM4lf_math.a(arm_negate_f32.o)
                              ..\obj\audio_driver.o (arm_negate_f32)
..\..\..\libs\libarm_cortexM4lf_math.a(arm_mult_f32.o)
                              ..\obj\audio_driver.o (arm_mult_f32)
..\..\..\libs\libarm_cortexM4lf_math.a(arm_add_f32.o)
                              ..\obj\audio_driver.o (arm_add_f32)
..\..\..\libs\libarm_cortexM4lf_math.a(arm_common_tables.o)
                              ..\..\..\libs\libarm_cortexM4lf_math.a(arm_cfft_radix4_init_f32.o) (armBitRevTable)
..\..\..\libs\libm.a(lib_a-s_pow10.o)
                              ..\obj\ui_driver.o (pow10)
..\..\..\libs\libm.a(lib_a-sf_ceil.o)
                              ..\obj\ui_si570.o (ceilf)
..\..\..\libs\libm.a(lib_a-sf_floor.o)
                              ..\obj\ui_si570.o (floorf)
..\..\..\libs\libm.a(lib_a-sf_round.o)
                              ..\obj\ui_lcd_hy28.o (roundf)
..\..\..\libs\libm.a(lib_a-sf_trunc.o)
                              ..\obj\ui_driver.o (truncf)
..\..\..\libs\libm.a(lib_a-w_log10.o)
                              ..\obj\ui_driver.o (log10)
..\..\..\libs\libm.a(lib_a-w_pow.o)
                              ..\obj\ui_driver.o (pow)
..\..\..\libs\libm.a(lib_a-w_sqrt.o)
                              ..\obj\ui_driver.o (sqrt)
..\..\..\libs\libm.a(lib_a-wf_log10.o)
                              ..\obj\audio_driver.o (log10f)
..\..\..\libs\libm.a(lib_a-wf_pow.o)
[...]
Memory Configuration

Name             Origin             Length             Attributes
rom              0x08010000         0x00070000         xr
ram              0x20000000         0x00020000         xrw
ram1             0x10000000         0x00010000         xrw
*default*        0x00000000         0xffffffff

Linker script and memory map

LOAD c:/program files (x86)/gnu tools arm embedded/4.7 2014q2/bin/../lib/gcc/arm-none-eabi/4.7.4/armv7e-m/fpu/crti.o
LOAD c:/program files (x86)/gnu tools arm embedded/4.7 2014q2/bin/../lib/gcc/arm-none-eabi/4.7.4/armv7e-m/fpu/crtbegin.o
LOAD c:/program files (x86)/gnu tools arm embedded/4.7 2014q2/bin/../lib/gcc/arm-none-eabi/4.7.4/../../../../arm-none-eabi/lib/armv7e-m/fpu/crt0.o
                0x20020000                _eram = 0x20020000

.text           0x08010000    0x57930
 *(.isr_vector)
 .isr_vector    0x08010000      0x188 ..\obj\startup_stm32f4xx.o
                0x08010000                g_pfnVectors
 *(.text*)
 .text          0x08010188       0x54 c:/program files (x86)/gnu tools arm embedded/4.7 2014q2/bin/../lib/gcc/arm-none-eabi/4.7.4/armv7e-m/fpu/crtbegin.o
 .text          0x080101dc      0x19c ..\obj\usbd_ioreq.o
                0x080101dc                USBD_CtlSendData
                0x08010224                USBD_CtlContinueSendData
                0x08010254                USBD_CtlPrepareRx
                0x0801029c                USBD_CtlContinueRx
                0x080102cc                USBD_CtlSendStatus
                0x08010308                USBD_CtlReceiveStatus
                0x08010344                USBD_GetRxCount
 .text          0x08010378      0x59c ..\obj\i2s.o
                0x080103ec                I2S_Block_Init
                0x0801064c                I2S_Block_Process
                0x0801073c                I2S_Block_Stop
                0x080107ac                DMA1_Stream2_IRQHandler
 .text          0x08010914       0x80 ..\obj\keyb_driver.o
                0x08010914                TIM2_IRQHandler
                0x08010920                OTG_HS_IRQHandler
                0x0801092c                keyb_driver_init
                0x08010978                keyb_driver_thread
 .text          0x08010994      0x138 ..\obj\softdds.o
                0x08010994                softdds_setfreq
                0x08010a00                softdds_runf
 .text          0x08010acc     0x2bbc ..\obj\ui_lcd_hy28.o
                0x08010acc                UiLcdHy28_Delay
                0x08010b0c                UiLcdHy28_BacklightInit
                0x08010b58                UiLcdHy28_SpiInit
                0x08010cb8                UiLcdHy28_SpiDeInit
                0x08010d48                UiLcdHy28_ParallelInit
                0x08010f6c                UiLcdHy28_Reset
                0x08010fc0                UiLcdHy28_FSMCConfig
                0x08011070                UiLcdHy28_SendByteSpi
                0x08011180                UiLcdHy28_WriteIndexSpi
                0x080111cc                UiLcdHy28_WriteDataSpi
                0x08011220                UiLcdHy28_WriteDataSpiStart
                0x08011230                UiLcdHy28_WriteDataOnly
                0x08011284                UiLcdHy28_ReadDataSpi
                0x080112e8                UiLcdHy28_WriteReg
                0x08011340                UiLcdHy28_ReadReg
                0x080113c4                UiLcdHy28_LcdClear
                0x08011480                UiLcdHy28_SetPoint
                0x080114cc                UiLcdHy28_WriteRAM_Prepare
                0x08011514                UiLcdHy28_DrawColorPoint
                0x08011570                UiLcdHy28_DrawStraightLine
                0x0801164c                UiLcdHy28_DrawHorizLineWithGrad
                0x08011738                UiLcdHy28_DrawEmptyRect
                0x080117c0                UiLcdHy28_DrawBottomButton
                0x08011824                UiLcdHy28_DrawFullRect
                0x0801196c                UiLcdHy28_OpenBulkWrite
                0x080119e8                UiLcdHy28_BulkWrite
                0x08011a38                UiLcdHy28_CloseBulkWrite
                0x08011aa4                UiLcdHy28_DrawChar
                0x08011d78                UiLcdHy28_PrintText
                0x08011e84                UiLcdHy28_DrawSpectrum
                0x080121b0                UiLcdHy28_DrawSpectrum_Interleaved
                0x0801299c                UiLcdHy28_InitA
                0x080131a4                UiLcdHy28_Test
                0x080131b0                UiLcdHy28_Init
                0x080131e8                UiLcdHy28_ShowStartUpScreen
 .text          0x08013688      0x858 ..\obj\printf.o
                0x08013688                PrintChar
                0x0801369c                PutChar
                0x080136c0                PutString
                0x08013708                PutUnsignedInt
                0x080137c4                PutSignedInt
                0x080138f0                PutHexa
                0x080139d8                vsnprintf
                0x08013c7c                snprintf
                0x08013cb0                vsprintf
                0x08013cd8                vfprintf
                0x08013d64                vprintf
                0x08013d90                fprintf
                0x08013dc0                printf
                0x08013dec                sprintf
                0x08013e1c                puts
                0x08013e44                fputc
                0x08013e90                fputs
 .text          0x08013ee0      0x16c ..\obj\stm32f4xx_syscfg.o
                0x08013ee0                SYSCFG_DeInit
                0x08013f00                SYSCFG_MemoryRemapConfig
                0x08013f20                SYSCFG_EXTILineConfig
                0x08013fd0                SYSCFG_ETH_MediaInterfaceConfig
                0x08013ff0                SYSCFG_CompensationCellCmd
                0x08014010                SYSCFG_GetCompensationCellStatus
 .text          0x0801404c      0xd88 ..\obj\stm32f4xx_rcc.o
                0x0801404c                RCC_DeInit
                0x080140d0                RCC_HSEConfig
                0x08014100                RCC_WaitForHSEStartUp
                0x08014164                RCC_AdjustHSICalibrationValue
                0x080141ac                RCC_HSICmd
                0x080141cc                RCC_LSEConfig
                0x0801422c                RCC_LSICmd
                0x0801424c                RCC_PLLConfig
                0x08014294                RCC_PLLCmd
                0x080142b4                RCC_PLLI2SConfig
                0x080142e4                RCC_PLLI2SCmd
                0x08014304                RCC_ClockSecuritySystemCmd
                0x08014324                RCC_MCO1Config
                0x0801436c                RCC_MCO2Config
                0x080143b4                RCC_SYSCLKConfig
                0x080143f4                RCC_GetSYSCLKSource
                0x08014414                RCC_HCLKConfig
                0x08014454                RCC_PCLK1Config
                0x08014494                RCC_PCLK2Config
                0x080144d8                RCC_GetClocksFreq
                0x080146a0                RCC_RTCCLKConfig
                0x08014714                RCC_RTCCLKCmd
                0x08014734                RCC_BackupResetCmd
                0x08014754                RCC_I2SCLKConfig
                0x08014774                RCC_AHB1PeriphClockCmd
                0x080147c8                RCC_AHB2PeriphClockCmd
                0x0801481c                RCC_AHB3PeriphClockCmd
                0x08014870                RCC_APB1PeriphClockCmd
                0x080148c4                RCC_APB2PeriphClockCmd
                0x08014918                RCC_AHB1PeriphResetCmd
                0x0801496c                RCC_AHB2PeriphResetCmd
                0x080149c0                RCC_AHB3PeriphResetCmd
                0x08014a14                RCC_APB1PeriphResetCmd
                0x08014a68                RCC_APB2PeriphResetCmd
                0x08014abc                RCC_AHB1PeriphClockLPModeCmd
                0x08014b10                RCC_AHB2PeriphClockLPModeCmd
                0x08014b64                RCC_AHB3PeriphClockLPModeCmd
                0x08014bb8                RCC_APB1PeriphClockLPModeCmd
                0x08014c0c                RCC_APB2PeriphClockLPModeCmd
                0x08014c60                RCC_ITConfig
                0x08014cc0                RCC_GetFlagStatus
                0x08014d50                RCC_ClearFlag
                0x08014d74                RCC_GetITStatus
                0x08014db4                RCC_ClearITPendingBit
 .text          0x08014dd4      0x360 ..\obj\ui_rotary.o
                0x08014dd4                UiRotaryFreqEncoderInit
                0x08014eac                UiRotaryEncoderOneInit
                0x08014f84                UiRotaryEncoderTwoInit
                0x0801505c                UiRotaryEncoderThreeInit
 .text          0x08015134      0xc80 ..\obj\main.o
                0x08015164                USB_OTG_BSP_mDelay
                0x0801517c                CriticalError
                0x08015190                NMI_Handler
                0x080151ac                HardFault_Handler
                0x080151c8                MemManage_Handler
                0x080151e4                BusFault_Handler
                0x08015200                UsageFault_Handler
                0x0801521c                SVC_Handler
                0x08015238                DebugMon_Handler
                0x08015254                SysTick_Handler
                0x08015260                EXTI0_IRQHandler
                0x08015308                EXTI1_IRQHandler
                0x08015350                EXTI15_10_IRQHandler
                0x08015368                TransceiverStateInit
                0x08015cc8                MiscInit
                0x08015d4c                main
 .text          0x08015db4      0x53c ..\obj\stm32f4xx_gpio.o
                0x08015db4                GPIO_DeInit
                0x08015f2c                GPIO_Init
                0x08016070                GPIO_StructInit
                0x080160ac                GPIO_PinLockConfig
                0x080160f0                GPIO_ReadInputDataBit
                0x0801612c                GPIO_ReadInputData
                0x08016148                GPIO_ReadOutputDataBit
                0x08016184                GPIO_ReadOutputData
                0x080161a0                GPIO_SetBits
                0x080161bc                GPIO_ResetBits
                0x080161d8                GPIO_WriteBit
                0x08016208                GPIO_Write
                0x08016224                GPIO_ToggleBits
                0x08016248                GPIO_PinAFConfig
 .text          0x080162f0     0x5578 ..\obj\audio_driver.o
                0x0801633c                audio_driver_config_nco
                0x080163cc                audio_driver_init
                0x0801652c                audio_driver_stop
                0x08016538                audio_driver_thread
                0x08016544                audio_driver_set_rx_audio_filter
                0x080170a0                audio_check_nr_dsp_state
                0x0801b53c                I2S_RX_CallBack
 .text          0x0801b868      0x808 ..\obj\stm32f4xx_dma.o
                0x0801b868                DMA_DeInit
                0x0801baac                DMA_Init
                0x0801bb5c                DMA_StructInit
                0x0801bbe8                DMA_Cmd
                0x0801bc20                DMA_PeriphIncOffsetSizeConfig
                0x0801bc54                DMA_FlowControllerConfig
                0x0801bc88                DMA_SetCurrDataCounter
                0x0801bca4                DMA_GetCurrDataCounter
                0x0801bcc0                DMA_DoubleBufferModeConfig
                0x0801bcfc                DMA_DoubleBufferModeCmd
                0x0801bd34                DMA_MemoryTargetConfig
                0x0801bd60                DMA_GetCurrentMemoryTarget
                0x0801bd98                DMA_GetCmdStatus
                0x0801bdd0                DMA_GetFIFOStatus
                0x0801bdf8                DMA_GetFlagStatus
                0x0801be7c                DMA_ClearFlag
                0x0801bedc                DMA_ITConfig
                0x0801bf50                DMA_GetITStatus
                0x0801c010                DMA_ClearITPendingBit
 .text          0x0801c070      0xbac ..\obj\stm32f4xx_fsmc.o
                0x0801c070                FSMC_NORSRAMDeInit
                0x0801c0cc                FSMC_NORSRAMInit
                0x0801c21c                FSMC_NORSRAMStructInit
                0x0801c324                FSMC_NORSRAMCmd
                0x0801c378                FSMC_NANDDeInit
                0x0801c404                FSMC_NANDInit
                0x0801c504                FSMC_NANDStructInit
                0x0801c5a0                FSMC_NANDCmd
                0x0801c63c                FSMC_NANDECCCmd
                0x0801c6d8                FSMC_GetECC
                0x0801c714                FSMC_PCCARDDeInit
                0x0801c764                FSMC_PCCARDInit
                0x0801c838                FSMC_PCCARDStructInit
                0x0801c8dc                FSMC_PCCARDCmd
                0x0801c930                FSMC_ITConfig
                0x0801ca10                FSMC_GetFlagStatus
                0x0801ca84                FSMC_ClearFlag
                0x0801cb00                FSMC_GetITStatus
                0x0801cb94                FSMC_ClearITPendingBit
 .text          0x0801cc1c      0x340 ..\obj\mchf_hw_i2c2.o
                0x0801cc1c                mchf_hw_i2c2_init
                0x0801cce0                mchf_hw_i2c2_WriteRegister
 .text          0x0801cf5c      0xb98 ..\obj\stm32f4xx_adc.o
                0x0801cf5c                ADC_DeInit
                0x0801cf7c                ADC_Init
                0x0801d034                ADC_StructInit
                0x0801d080                ADC_CommonInit
                0x0801d0dc                ADC_CommonStructInit
                0x0801d110                ADC_Cmd
                0x0801d148                ADC_AnalogWatchdogCmd
                0x0801d184                ADC_AnalogWatchdogThresholdsConfig
                0x0801d1ac                ADC_AnalogWatchdogSingleChannelConfig
                0x0801d1e4                ADC_TempSensorVrefintCmd
                0x0801d230                ADC_VBATCmd
                0x0801d27c                ADC_RegularChannelConfig
                0x0801d438                ADC_SoftwareStartConv
                0x0801d458                ADC_GetSoftwareStartConvStatus
                0x0801d490                ADC_EOCOnEachRegularChannelCmd
                0x0801d4c8                ADC_ContinuousModeCmd
                0x0801d500                ADC_DiscModeChannelCountConfig
                0x0801d54c                ADC_DiscModeCmd
                0x0801d584                ADC_GetConversionValue
                0x0801d5a0                ADC_GetMultiModeConversionValue
                0x0801d5b8                ADC_DMACmd
                0x0801d5f0                ADC_DMARequestAfterLastTransferCmd
                0x0801d628                ADC_MultiModeDMARequestAfterLastTransferCmd
                0x0801d674                ADC_InjectedChannelConfig
                0x0801d7b8                ADC_InjectedSequencerLengthConfig
                0x0801d804                ADC_SetInjectedOffset
                0x0801d838                ADC_ExternalTrigInjectedConvConfig
                0x0801d870                ADC_ExternalTrigInjectedConvEdgeConfig
                0x0801d8a8                ADC_SoftwareStartInjectedConv
                0x0801d8c8                ADC_GetSoftwareStartInjectedConvCmdStatus
                0x0801d900                ADC_AutoInjectedConvCmd
                0x0801d938                ADC_InjectedDiscModeCmd
                0x0801d970                ADC_GetInjectedConversionValue
                0x0801d9a4                ADC_ITConfig
                0x0801d9fc                ADC_GetFlagStatus
                0x0801da38                ADC_ClearFlag
                0x0801da58                ADC_GetITStatus
                0x0801dac4                ADC_ClearITPendingBit
 .text          0x0801daf4      0x664 ..\obj\usb_dcd.o
                0x0801daf4                DCD_Init
                0x0801dc28                DCD_DeInit
                0x0801dc40                DCD_EP_Open
                0x0801dcf4                DCD_EP_Close
                0x0801dd7c                DCD_EP_PrepareRx
                0x0801de0c                DCD_EP_Tx
                0x0801de94                DCD_EP_Stall
                0x0801df20                DCD_EP_ClrStall
                0x0801dfac                DCD_EP_Flush
                0x0801dfe4                DCD_EP_SetAddress
                0x0801e020                DCD_DevConnect
                0x0801e050                DCD_DevDisconnect
                0x0801e080                DCD_GetEPStatus
                0x0801e0f0                DCD_SetEPStatus
 .text          0x0801e158      0x5ec ..\obj\usbd_cdc_core.o
 *fill*         0x0801e744        0x4 00
 .text          0x0801e748    0x140f8 ..\obj\ui_driver.o
                0x0801e748                ui_driver_init
                0x0801e94c                ui_driver_thread
                0x0801ea48                ui_driver_irq
                0x0801ea54                ui_driver_toggle_tx
                0x080216fc                UiDriverShowMode
                0x08021818                UiDriverShowStep
                0x08021cd4                UiDriverChangeBandFilter
                0x080235b0                UiDrawSpectrumScopeFrequencyBarText
                0x08023cd8                UiDriverCreateSpectrumScope
                0x0802453c                UiDriverClearSpectrumDisplay
                0x080248c0                UiDriverCheckBand
                0x080249a4                UiDriverUpdateFrequency
                0x08024ee4                UiDriverUpdateFrequencyFast
                0x08025fe8                UiDriverChangeTuningStep
                0x08028654                UiDriverChangeStGain
                0x08028728                UiDriverChangeCmpLevel
                0x08028b50                UiDriverChangeKeyerSpeed
                0x08028c40                UIDriverChangeAudioGain
                0x08028d88                UiDriverChangeRfGain
                0x08029214                UiDriverChangeFilter
                0x0802946c                UiDriverDisplayFilterBW
                0x0802c808                UiDriverCreateTemperatureDisplay
                0x0802d100                uiCodecMute
                0x0802d11c                UiDriverSetBandPowerFactor
                0x0802d440                UiLCDBlankTiming
                0x0802d4b4                UiCalcAGCDecay
                0x0802d5a8                UiCalcALCDecay
                0x0802d61c                UiCalcRFGain
                0x0802d6b0                UiCalcAGCVals
                0x0802d808                UiCWSidebandMode
                0x0802d8b4                UiCalcNB_AGC
                0x0802d9a8                UiCalcRxIqGainAdj
                0x0802dab0                UiCalcTxIqGainAdj
                0x0802db88                UiCalcRxPhaseAdj
                0x0802e5a4                UiCalcTxCompLevel
                0x0802e878                UiCalcTxPhaseAdj
                0x0802eb38                UiDriverLoadFilterValue
                0x080308ac                UiDriverSaveEepromValuesPowerDown
 .text          0x08032840      0x2a4 ..\obj\usbh_hid_keybd.o
 .text          0x08032ae4      0xf68 ..\obj\mchf_hw_i2c.o
                0x08032b90                mchf_hw_i2c_init
                0x08032c58                mchf_hw_i2c_reset
                0x08032cd4                mchf_hw_i2c_WriteRegister
                0x08032f50                mchf_hw_i2c_WriteBlock
                0x080331f0                mchf_hw_i2c_ReadRegister
                0x08033584                mchf_hw_i2c_ReadData
 .text          0x08033a4c      0x2c0 ..\obj\stm32f4xx_exti.o
                0x08033a4c                EXTI_DeInit
                0x08033aa0                EXTI_Init
                0x08033bd8                EXTI_StructInit
                0x08033c0c                EXTI_GenerateSWInterrupt
                0x08033c38                EXTI_GetFlagStatus
                0x08033c74                EXTI_ClearFlag
                0x08033c94                EXTI_GetITStatus
                0x08033cec                EXTI_ClearITPendingBit
 .text          0x08033d0c      0xd48 ..\obj\mchf_board.o
                0x08033fdc                mchf_board_power_button_input_init
                0x0803452c                mchf_board_green_led
                0x08034584                mchf_board_red_led
                0x080345dc                mchf_board_switch_tx
                0x08034634                mchf_board_power_off
                0x0803490c                mchf_board_init
                0x08034998                mchf_board_post_init
                0x080349b0                Read_VirtEEPROM
                0x080349e0                Write_VirtEEPROM
                0x08034a18                Write_VirtEEPROM_Signed
 .text          0x08034a54      0x780 ..\obj\usbh_stdreq.o
                0x08034a54                USBH_Get_DevDesc
                0x08034ab0                USBH_Get_CfgDesc
                0x08034b40                USBH_Get_StringDesc
                0x08034b9c                USBH_GetDescriptor
                0x08034c00                USBH_SetAddress
                0x08034c54                USBH_SetCfg
                0x08034ca4                USBH_SetInterface
                0x08034cf8                USBH_ClrFeature
                0x080351a0                USBH_GetNextDesc
 .text          0x080351d4      0x9b0 ..\obj\cw_gen.o
                0x080351d4                cw_gen_init
                0x08035258                cw_gen_remove_click_on_rising_edge
                0x08035354                cw_gen_remove_click_on_falling_edge
                0x0803546c                cw_gen_check_keyer_state
                0x08035540                cw_gen_process
                0x08035584                cw_gen_process_strk
                0x080356ec                cw_gen_process_iamb
                0x08035a98                cw_gen_dah_IRQ
                0x08035b44                cw_gen_dit_IRQ
 .text          0x08035b84      0x688 ..\obj\usbh_ioreq.o
                0x08035b84                USBH_CtlReq
                0x08035c24                USBH_CtlSendSetup
                0x08035ca0                USBH_CtlSendData
                0x08035d64                USBH_CtlReceiveData
                0x08035de0                USBH_BulkSendData
                0x08035e88                USBH_BulkReceiveData
                0x08035f30                USBH_InterruptReceiveData
                0x08036000                USBH_InterruptSendData
                0x08036114                USBH_IsocReceiveData
                0x08036190                USBH_IsocSendData
 .text          0x0803620c     0x220c ..\obj\usb_core.o
                0x080362f8                USB_OTG_WritePacket
                0x0803637c                USB_OTG_ReadPacket
                0x080363e4                USB_OTG_SelectCore
                0x08036598                USB_OTG_CoreInit
                0x080366e8                USB_OTG_EnableGlobalInt
                0x08036724                USB_OTG_DisableGlobalInt
                0x08036764                USB_OTG_FlushTxFifo
                0x080367e4                USB_OTG_FlushRxFifo
                0x08036850                USB_OTG_SetCurrentMode
                0x080368b4                USB_OTG_GetMode
                0x080368d4                USB_OTG_IsDeviceMode
                0x080368f8                USB_OTG_IsHostMode
                0x0803691c                USB_OTG_ReadCoreItr
                0x0803694c                USB_OTG_ReadOtgItr
                0x08036968                USB_OTG_CoreInitHost
                0x08036a50                USB_OTG_IsEvenFrame
                0x08036a78                USB_OTG_DriveVbus
                0x08036af8                USB_OTG_EnableHostInt
                0x08036b84                USB_OTG_InitFSLSPClkSel
                0x08036bbc                USB_OTG_ReadHPRT0
                0x08036bfc                USB_OTG_ReadHostAllChannels_intr
                0x08036c18                USB_OTG_ResetPort
                0x08036c6c                USB_OTG_HC_Init
                0x08036f40                USB_OTG_HC_StartXfer
                0x08037248                USB_OTG_HC_Halt
                0x080372f8                USB_OTG_HC_DoPing
                0x08037380                USB_OTG_StopHost
                0x08037410                USB_OTG_InitDevSpeed
                0x08037448                USB_OTG_CoreInitDev
                0x08037688                USB_OTG_EnableDevInt
                0x0803772c                USB_OTG_GetDeviceSpeed
                0x0803777c                USB_OTG_EP0Activate
                0x080377fc                USB_OTG_EPActivate
                0x080378f4                USB_OTG_EPDeactivate
                0x08037998                USB_OTG_EPStartXfer
                0x08037c68                USB_OTG_EP0StartXfer
                0x08037e68                USB_OTG_EPSetStall
                0x08037efc                USB_OTG_EPClearStall
                0x08037f80                USB_OTG_ReadDevAllOutEp_itr
                0x08037fb0                USB_OTG_ReadDevOutEP_itr
                0x08037fec                USB_OTG_ReadDevAllInEPItr
                0x08038020                USB_OTG_EP0_OutStart
                0x08038098                USB_OTG_ActiveRemoteWakeup
                0x0803812c                USB_OTG_UngateClock
                0x08038180                USB_OTG_StopDevice
                0x0803821c                USB_OTG_GetEPStatus
                0x080382dc                USB_OTG_SetEPStatus
 .text          0x08038418      0x2a0 ..\obj\usbh_bsp.o
                0x08038418                USBH_OTG_BSP_Init
                0x08038490                USBH_OTG_BSP_EnableInterrupt
                0x080384cc                USBH_OTG_BSP_DriveVBUS
                0x080384e4                USBH_OTG_BSP_ConfigVBUS
                0x080384f8                USBH_OTG_BSP_TimeInit
                0x08038548                USBH_OTG_BSP_uDelay
                0x08038564                USBH_OTG_BSP_mDelay
                0x08038580                USBH_OTG_BSP_TimerIRQ
 .text          0x080386b8      0x8e8 ..\obj\stm32f4xx_spi.o
                0x080386b8                SPI_I2S_DeInit
                0x08038740                SPI_Init
                0x080387c8                I2S_Init
                0x080389dc                SPI_StructInit
                0x08038a38                I2S_StructInit
                0x08038a7c                SPI_Cmd
                0x08038abc                I2S_Cmd
                0x08038afc                SPI_DataSizeConfig
                0x08038b34                SPI_BiDirectionalLineConfig
                0x08038b74                SPI_NSSInternalSoftwareConfig
                0x08038bb8                SPI_SSOutputCmd
                0x08038bf8                SPI_TIModeCmd
                0x08038c38                I2S_FullDuplexConfig
                0x08038cdc                SPI_I2S_ReceiveData
                0x08038cf8                SPI_I2S_SendData
                0x08038d14                SPI_CalculateCRC
                0x08038d54                SPI_TransmitCRC
                0x08038d78                SPI_GetCRC
                0x08038dac                SPI_GetCRCPolynomial
                0x08038dc8                SPI_I2S_DMACmd
                0x08038e10                SPI_I2S_ITConfig
                0x08038e7c                SPI_I2S_GetFlagStatus
                0x08038ebc                SPI_I2S_ClearFlag
                0x08038ee0                SPI_I2S_GetITStatus
                0x08038f68                SPI_I2S_ClearITPendingBit
 .text          0x08038fa0      0x514 ..\obj\stm32f4xx_dac.o
                0x08038fa0                DAC_DeInit
                0x08038fc0                DAC_Init
                0x08039034                DAC_StructInit
                0x08039068                DAC_Cmd
                0x080390cc                DAC_SoftwareTriggerCmd
                0x08039138                DAC_DualSoftwareTriggerCmd
                0x08039184                DAC_WaveGenerationCmd
                0x080391e4                DAC_SetChannel1Data
                0x0803921c                DAC_SetChannel2Data
                0x08039254                DAC_SetDualChannelData
                0x080392b8                DAC_GetDataOutputValue
                0x080392f4                DAC_DMACmd
                0x08039358                DAC_ITConfig
                0x080393b8                DAC_GetFlagStatus
                0x080393fc                DAC_ClearFlag
                0x08039424                DAC_GetITStatus
                0x0803948c                DAC_ClearITPendingBit
 .text          0x080394b4      0x154 ..\obj\stm32f4xx_wwdg.o
                0x080394b4                WWDG_DeInit
                0x080394d4                WWDG_SetPrescaler
                0x08039510                WWDG_SetWindowValue
                0x08039554                WWDG_EnableIT
                0x0803956c                WWDG_SetCounter
                0x08039590                WWDG_Enable
                0x080395b8                WWDG_GetFlagStatus
                0x080395f0                WWDG_ClearFlag
 .text          0x08039608       0x90 ..\obj\cat_driver.o
                0x08039608                OTG_FS_IRQHandler
                0x0803961c                cat_driver_init
                0x0803965c                cat_driver_stop
                0x0803967c                cat_driver_thread
 .text          0x08039698      0x818 ..\obj\usbh_hid_core.o
                0x08039d70                USBH_Set_Report
 .text          0x08039eb0      0x374 ..\obj\usbd_cdc_vcp.o
 .text          0x0803a224       0x88 ..\obj\startup_stm32f4xx.o
                0x0803a224                Default_Reset_Handler
                0x0803a224                Reset_Handler
                0x0803a298                EXTI2_IRQHandler
                0x0803a298                TIM8_CC_IRQHandler
                0x0803a298                TIM1_CC_IRQHandler
                0x0803a298                DMA2_Stream5_IRQHandler
                0x0803a298                DMA1_Stream5_IRQHandler
                0x0803a298                PVD_IRQHandler
                0x0803a298                SDIO_IRQHandler
                0x0803a298                TAMP_STAMP_IRQHandler
                0x0803a298                PendSV_Handler
                0x0803a298                CAN2_RX1_IRQHandler
                0x0803a298                EXTI3_IRQHandler
                0x0803a298                TIM8_TRG_COM_TIM14_IRQHandler
                0x0803a298                TIM1_UP_TIM10_IRQHandler
                0x0803a298                TIM8_UP_TIM13_IRQHandler
                0x0803a298                HASH_RNG_IRQHandler
                0x0803a298                I2C2_EV_IRQHandler
                0x0803a298                CAN1_RX0_IRQHandler
                0x0803a298                FPU_IRQHandler
                0x0803a298                OTG_HS_WKUP_IRQHandler
                0x0803a298                CAN2_SCE_IRQHandler
                0x0803a298                DMA2_Stream2_IRQHandler
                0x0803a298                SPI1_IRQHandler
                0x0803a298                TIM6_DAC_IRQHandler
                0x0803a298                TIM1_BRK_TIM9_IRQHandler
                0x0803a298                DCMI_IRQHandler
                0x0803a298                CAN2_RX0_IRQHandler
                0x0803a298                DMA2_Stream3_IRQHandler
                0x0803a298                USART6_IRQHandler
                0x0803a298                USART3_IRQHandler
                0x0803a298                CRYP_IRQHandler
                0x0803a298                I2C3_ER_IRQHandler
                0x0803a298                CAN1_RX1_IRQHandler
                0x0803a298                UART5_IRQHandler
                0x0803a298                DMA2_Stream0_IRQHandler
                0x0803a298                TIM4_IRQHandler
                0x0803a298                I2C1_EV_IRQHandler
                0x0803a298                DMA1_Stream6_IRQHandler
                0x0803a298                DMA1_Stream1_IRQHandler
                0x0803a298                UART4_IRQHandler
                0x0803a298                TIM3_IRQHandler
                0x0803a298                RCC_IRQHandler
                0x0803a298                TIM8_BRK_TIM12_IRQHandler
                0x0803a298                ADC_IRQHandler
                0x0803a298                RTC_Alarm_IRQHandler
                0x0803a298                DMA1_Stream7_IRQHandler
                0x0803a298                TIM7_IRQHandler
                0x0803a298                CAN2_TX_IRQHandler
                0x0803a298                TIM5_IRQHandler
                0x0803a298                DMA2_Stream7_IRQHandler
                0x0803a298                I2C3_EV_IRQHandler
                0x0803a298                EXTI9_5_IRQHandler
                0x0803a298                RTC_WKUP_IRQHandler
                0x0803a298                ETH_WKUP_IRQHandler
                0x0803a298                SPI2_IRQHandler
                0x0803a298                OTG_HS_EP1_IN_IRQHandler
                0x0803a298                DMA1_Stream0_IRQHandler
                0x0803a298                CAN1_TX_IRQHandler
                0x0803a298                EXTI4_IRQHandler
                0x0803a298                FSMC_IRQHandler
                0x0803a298                ETH_IRQHandler
                0x0803a298                OTG_HS_EP1_OUT_IRQHandler
                0x0803a298                WWDG_IRQHandler
                0x0803a298                OTG_FS_WKUP_IRQHandler
                0x0803a298                TIM1_TRG_COM_TIM11_IRQHandler
                0x0803a298                USART2_IRQHandler
                0x0803a298                I2C2_ER_IRQHandler
                0x0803a298                DMA2_Stream1_IRQHandler
                0x0803a298                CAN1_SCE_IRQHandler
                0x0803a298                FLASH_IRQHandler
                0x0803a298                DMA2_Stream4_IRQHandler
                0x0803a298                USART1_IRQHandler
                0x0803a298                SPI3_IRQHandler
                0x0803a298                DMA1_Stream4_IRQHandler
                0x0803a298                I2C1_ER_IRQHandler
                0x0803a298                DMA2_Stream6_IRQHandler
                0x0803a298                DMA1_Stream3_IRQHandler
 .text          0x0803a2ac       0x68 ..\obj\usbd_usr.o
                0x0803a2ac                USBD_USR_Init
                0x0803a2b8                USBD_USR_DeviceReset
                0x0803a2d8                USBD_USR_DeviceConfigured
                0x0803a2e4                USBD_USR_DeviceSuspended
                0x0803a2f0                USBD_USR_DeviceResumed
                0x0803a2fc                USBD_USR_DeviceConnected
                0x0803a308                USBD_USR_DeviceDisconnected
 .text          0x0803a314     0xc608 ..\obj\ui_menu.o
                0x0803a314                UiDriverUpdateMenu
                0x08046360                UiDriverMemMenu
                0x080467d8                UiDriverUpdateMemLines
 .text          0x0804691c      0x3e4 ..\obj\system_stm32f4xx.o
                0x0804691c                SystemInit
                0x080469d0                SystemCoreClockUpdate
 .text          0x08046d00      0x294 ..\obj\usbh_usr.o
                0x08046d00                USBH_USR_Init
                0x08046d60                USBH_USR_DeviceAttached
                0x08046d80                USBH_USR_UnrecoveredError
                0x08046d94                USBH_USR_DeviceDisconnected
                0x08046dac                USBH_USR_ResetDevice
                0x08046db8                USBH_USR_DeviceSpeedDetected
                0x08046dcc                USBH_USR_Device_DescAvailable
                0x08046e04                USBH_USR_DeviceAddressAssigned
                0x08046e10                USBH_USR_Configuration_DescAvailable
                0x08046e30                USBH_USR_Manufacturer_String
                0x08046e44                USBH_USR_Product_String
                0x08046e58                USBH_USR_SerialNum_String
                0x08046e6c                USBH_USR_EnumerationDone
                0x08046e78                USBH_USR_DeviceNotSupported
                0x08046e8c                USBH_USR_UserInput
                0x08046eac                USBH_USR_OverCurrentDetected
                0x08046eb8                USR_MOUSE_Init
                0x08046ec4                USR_MOUSE_ProcessData
                0x08046f50                USR_KEYBRD_Init
                0x08046f68                USR_KEYBRD_ProcessData
                0x08046f88                USBH_USR_DeInit
 .text          0x08046f94      0x208 ..\obj\usb_hcd.o
                0x08046f94                HCD_Init
                0x08047040                HCD_GetCurrentSpeed
                0x08047068                HCD_ResetPort
                0x08047084                HCD_IsDeviceConnected
                0x080470a0                HCD_GetCurrentFrame
                0x080470c4                HCD_GetURB_State
                0x080470e8                HCD_GetXferCnt
                0x08047110                HCD_GetHCState
                0x08047134                HCD_HC_Init
                0x08047158                HCD_SubmitRequest
 .text          0x0804719c      0x1d4 ..\obj\usbd_desc.o
                0x0804719c                USBD_USR_DeviceDescriptor
                0x080471c4                USBD_USR_LangIDStrDescriptor
                0x080471ec                USBD_USR_ProductStrDescriptor
                0x08047240                USBD_USR_ManufacturerStrDescriptor
                0x08047274                USBD_USR_SerialStrDescriptor
                0x080472c8                USBD_USR_ConfigStrDescriptor
                0x0804731c                USBD_USR_InterfaceStrDescriptor
 .text          0x08047370       0x54 ..\obj\usbh_hid_mouse.o
 .text          0x080473c4      0x2d4 ..\obj\usbh_hcs.o
                0x080473c4                USBH_Open_Channel
                0x080474cc                USBH_Modify_Channel
                0x08047568                USBH_Alloc_Channel
                0x080475b4                USBH_Free_Channel
                0x08047600                USBH_DeAllocate_AllChannel
 .text          0x08047698      0xa24 ..\obj\usbd_req.o
                0x08047698                USBD_StdDevReq
                0x0804773c                USBD_StdItfReq
                0x080477a8                USBD_StdEPReq
                0x08047f28                USBD_ParseSetupRequest
                0x08047fbc                USBD_CtlError
                0x08047fe8                USBD_GetString
 .text          0x080480bc      0xa00 ..\obj\stm32f4xx_flash.o
                0x080480bc                FLASH_SetLatency
                0x080480dc                FLASH_PrefetchBufferCmd
                0x08048128                FLASH_InstructionCacheCmd
                0x08048174                FLASH_DataCacheCmd
                0x080481c0                FLASH_InstructionCacheReset
                0x080481e4                FLASH_DataCacheReset
                0x08048208                FLASH_Unlock
                0x08048244                FLASH_Lock
                0x08048268                FLASH_EraseSector
                0x08048380                FLASH_EraseAllSectors
                0x08048460                FLASH_ProgramDoubleWord
                0x08048500                FLASH_ProgramWord
                0x08048598                FLASH_ProgramHalfWord
                0x08048634                FLASH_ProgramByte
                0x080486cc                FLASH_OB_Unlock
                0x0804870c                FLASH_OB_Lock
                0x08048730                FLASH_OB_WRPConfig
                0x080487a4                FLASH_OB_RDPConfig
                0x080487d8                FLASH_OB_UserConfig
                0x0804883c                FLASH_OB_BORConfig
                0x08048888                FLASH_OB_Launch
                0x080488c4                FLASH_OB_GetUser
                0x080488e0                FLASH_OB_GetWRP
                0x080488f8                FLASH_OB_GetRDP
                0x08048930                FLASH_OB_GetBOR
                0x08048950                FLASH_ITConfig
                0x080489a4                FLASH_GetFlagStatus
                0x080489e0                FLASH_ClearFlag
                0x08048a00                FLASH_GetStatus
                0x08048a88                FLASH_WaitForLastOperation
 .text          0x08048abc      0x49c ..\obj\usbd_core.o
                0x08048abc                USBD_Init
                0x08048b04                USBD_DeInit
                0x08048eb0                USBD_SetCfg
                0x08048ee4                USBD_ClrCfg
 .text          0x08048f58      0x1d8 ..\obj\misc.o
                0x08048f58                NVIC_PriorityGroupConfig
                0x08048f80                NVIC_Init
                0x08049064                NVIC_SetVectorTable
                0x08049090                NVIC_SystemLPConfig
                0x080490e4                SysTick_CLKSourceConfig
 .text          0x08049130      0xb1c ..\obj\usb_dcd_int.o
                0x08049130                USBD_OTG_ISR_Handler
 .text          0x08049c4c      0xa10 ..\obj\stm32f4xx_i2c.o
                0x08049c4c                I2C_DeInit
                0x08049cd4                I2C_Init
                0x08049e80                I2C_StructInit
                0x08049ec4                I2C_Cmd
                0x08049f04                I2C_GenerateSTART
                0x08049f44                I2C_GenerateSTOP
                0x08049f84                I2C_Send7bitAddress
                0x08049fc0                I2C_AcknowledgeConfig
                0x0804a000                I2C_OwnAddress2Config
                0x0804a044                I2C_DualAddressCmd
                0x0804a084                I2C_GeneralCallCmd
                0x0804a0c4                I2C_SoftwareResetCmd
                0x0804a10c                I2C_StretchClockCmd
                0x0804a14c                I2C_FastModeDutyCycleConfig
                0x0804a18c                I2C_NACKPositionConfig
                0x0804a1cc                I2C_SMBusAlertConfig
                0x0804a20c                I2C_ARPCmd
                0x0804a24c                I2C_SendData
                0x0804a26c                I2C_ReceiveData
                0x0804a288                I2C_TransmitPEC
                0x0804a2c8                I2C_PECPositionConfig
                0x0804a308                I2C_CalculatePEC
                0x0804a348                I2C_GetPEC
                0x0804a36c                I2C_DMACmd
                0x0804a3ac                I2C_DMALastTransferCmd
                0x0804a3ec                I2C_ReadRegister
                0x0804a41c                I2C_ITConfig
                0x0804a464                I2C_CheckEvent
                0x0804a4d4                I2C_GetLastEvent
                0x0804a520                I2C_GetFlagStatus
                0x0804a598                I2C_ClearFlag
                0x0804a5c8                I2C_GetITStatus
                0x0804a62c                I2C_ClearITPendingBit
 .text          0x0804a65c      0xad0 ..\obj\usbh_core.o
                0x0804a65c                USBH_Connected
                0x0804a680                USBH_Disconnected
                0x0804a6a4                USBH_SOF
                0x0804a6bc                USBH_Init
                0x0804a714                USBH_DeInit
                0x0804a788                USBH_Process
                0x0804a9f4                USBH_ErrorHandle
                0x0804ad80                USBH_HandleControl
 .text          0x0804b12c      0x1b0 ..\obj\usbd_bsp.o
                0x0804b12c                USBD_OTG_BSP_Init
                0x0804b1a0                USBD_OTG_BSP_DeInit
                0x0804b1fc                USBD_OTG_BSP_EnableInterrupt
                0x0804b238                USBD_OTG_BSP_uDelay
                0x0804b290                USBD_OTG_BSP_mDelay
                0x0804b2b0                USBD_OTG_BSP_ConfigVBUS
                0x0804b2c4                USBD_OTG_BSP_DriveVBUS
 .text          0x0804b2dc      0x7b8 ..\obj\eeprom.o
                0x0804b2dc                EE_InitA
                0x0804b620                EE_Init
                0x0804b644                EE_ReadVariable
                0x0804b6fc                EE_WriteVariable
 .text          0x0804ba94      0x50c ..\obj\api_dsp.o
                0x0804bc44                api_dsp_init
                0x0804bc50                api_dsp_thread
                0x0804bcf0                api_dsp_post
 .text          0x0804bfa0      0xf18 ..\obj\ui_si570.o
                0x0804c350                ui_si570_get_configuration
                0x0804c9a0                ui_si570_set_frequency
                0x0804ca94                ui_si570_init_temp_sensor
                0x0804cb0c                ui_si570_read_temp
                0x0804cb54                ui_si570_conv_temp
                0x0804cc08                ui_si570_calc_startupfrequency
 .text          0x0804ceb8     0x1d74 ..\obj\stm32f4xx_tim.o
                0x0804ceb8                TIM_DeInit
                0x0804d0f0                TIM_TimeBaseInit
                0x0804d1e4                TIM_TimeBaseStructInit
                0x0804d220                TIM_PrescalerConfig
                0x0804d248                TIM_CounterModeConfig
                0x0804d280                TIM_SetCounter
                0x0804d29c                TIM_SetAutoreload
                0x0804d2b8                TIM_GetCounter
                0x0804d2d0                TIM_GetPrescaler
                0x0804d2ec                TIM_UpdateDisableConfig
                0x0804d32c                TIM_UpdateRequestConfig
                0x0804d36c                TIM_ARRPreloadConfig
                0x0804d3ac                TIM_SelectOnePulseMode
                0x0804d3e4                TIM_SetClockDivision
                0x0804d41c                TIM_Cmd
                0x0804d45c                TIM_OC1Init
                0x0804d558                TIM_OC2Init
                0x0804d680                TIM_OC3Init
                0x0804d7a0                TIM_OC4Init
                0x0804d880                TIM_OCStructInit
                0x0804d8d4                TIM_SelectOCxM
                0x0804d994                TIM_SetCompare1
                0x0804d9b0                TIM_SetCompare2
                0x0804d9cc                TIM_SetCompare3
                0x0804d9e8                TIM_SetCompare4
                0x0804da04                TIM_ForcedOC1Config
                0x0804da3c                TIM_ForcedOC2Config
                0x0804da7c                TIM_ForcedOC3Config
                0x0804dab4                TIM_ForcedOC4Config
                0x0804daf4                TIM_OC1PreloadConfig
                0x0804db2c                TIM_OC2PreloadConfig
                0x0804db6c                TIM_OC3PreloadConfig
                0x0804dba4                TIM_OC4PreloadConfig
                0x0804dbe4                TIM_OC1FastConfig
                0x0804dc1c                TIM_OC2FastConfig
                0x0804dc5c                TIM_OC3FastConfig
                0x0804dc94                TIM_OC4FastConfig
                0x0804dcd4                TIM_ClearOC1Ref
                0x0804dd0c                TIM_ClearOC2Ref
                0x0804dd50                TIM_ClearOC3Ref
                0x0804dd88                TIM_ClearOC4Ref
                0x0804ddcc                TIM_OC1PolarityConfig
                0x0804de04                TIM_OC1NPolarityConfig
                0x0804de3c                TIM_OC2PolarityConfig
                0x0804de7c                TIM_OC2NPolarityConfig
                0x0804debc                TIM_OC3PolarityConfig
                0x0804defc                TIM_OC3NPolarityConfig
                0x0804df3c                TIM_OC4PolarityConfig
                0x0804df7c                TIM_CCxCmd
                0x0804dfd8                TIM_CCxNCmd
                0x0804e034                TIM_ICInit
                0x0804e0dc                TIM_ICStructInit
                0x0804e118                TIM_PWMIConfig
                0x0804e1dc                TIM_GetCapture1
                0x0804e1f4                TIM_GetCapture2
                0x0804e20c                TIM_GetCapture3
                0x0804e224                TIM_GetCapture4
                0x0804e23c                TIM_SetIC1Prescaler
                0x0804e274                TIM_SetIC2Prescaler
                0x0804e2b0                TIM_SetIC3Prescaler
                0x0804e2e8                TIM_SetIC4Prescaler
                0x0804e324                TIM_BDTRConfig
                0x0804e374                TIM_BDTRStructInit
                0x0804e3c0                TIM_CtrlPWMOutputs
                0x0804e410                TIM_SelectCOM
                0x0804e450                TIM_CCPreloadControl
                0x0804e490                TIM_ITConfig
                0x0804e4d8                TIM_GenerateEvent
                0x0804e4f4                TIM_GetFlagStatus
                0x0804e534                TIM_ClearFlag
                0x0804e558                TIM_GetITStatus
                0x0804e5b8                TIM_ClearITPendingBit
                0x0804e5dc                TIM_DMAConfig
                0x0804e604                TIM_DMACmd
                0x0804e64c                TIM_SelectCCDMA
                0x0804e68c                TIM_InternalClockConfig
                0x0804e6b0                TIM_ITRxExternalClockConfig
                0x0804e6e0                TIM_TIxExternalClockConfig
                0x0804e738                TIM_ETRClockMode1Config
                0x0804e78c                TIM_ETRClockMode2Config
                0x0804e7c0                TIM_SelectInputTrigger
                0x0804e7f8                TIM_SelectOutputTrigger
                0x0804e830                TIM_SelectSlaveMode
                0x0804e868                TIM_SelectMasterSlaveMode
                0x0804e8a0                TIM_ETRConfig
                0x0804e8ec                TIM_EncoderInterfaceConfig
                0x0804e980                TIM_SelectHallSensor
                0x0804e9c0                TIM_RemapConfig
 .text          0x0804ec2c      0x6d0 ..\obj\codec.o
                0x0804ec2c                Codec_Init
                0x0804ec58                Codec_Reset
                0x0804ed30                Codec_RX_TX
                0x0804ef2c                Codec_SidetoneSetgain
                0x0804f034                Codec_Volume
                0x0804f0ec                Codec_Mute
                0x0804f120                Codec_WriteRegister
                0x0804f170                Codec_AudioInterface_Init
                0x0804f1dc                Codec_GPIO_Init
                0x0804f2d0                Codec_Line_Gain_Adj
 .text.arm_fill_q15
                0x0804f2fc       0xe4 ..\..\..\libs\libarm_cortexM4lf_math.a(arm_fill_q15.o)
                0x0804f2fc                arm_fill_q15
 .text.arm_fill_f32
                0x0804f3e0      0x108 ..\..\..\libs\libarm_cortexM4lf_math.a(arm_fill_f32.o)
                0x0804f3e0                arm_fill_f32
 .text.arm_copy_q15
                0x0804f4e8      0x21c ..\..\..\libs\libarm_cortexM4lf_math.a(arm_copy_q15.o)
                0x0804f4e8                arm_copy_q15
 .text.arm_copy_f32
                0x0804f704      0x158 ..\..\..\libs\libarm_cortexM4lf_math.a(arm_copy_f32.o)
                0x0804f704                arm_copy_f32
 .text.arm_min_q15
                0x0804f85c       0xe4 ..\..\..\libs\libarm_cortexM4lf_math.a(arm_min_q15.o)
                0x0804f85c                arm_min_q15
 .text.arm_min_f32
                0x0804f940      0x15c ..\..\..\libs\libarm_cortexM4lf_math.a(arm_min_f32.o)
                0x0804f940                arm_min_f32
 .text.arm_mean_q15
                0x0804fa9c      0x194 ..\..\..\libs\libarm_cortexM4lf_math.a(arm_mean_q15.o)
                0x0804fa9c                arm_mean_q15
 .text.arm_mean_f32
                0x0804fc30      0x1c8 ..\..\..\libs\libarm_cortexM4lf_math.a(arm_mean_f32.o)
                0x0804fc30                arm_mean_f32
 .text.arm_max_q15
                0x0804fdf8       0xe4 ..\..\..\libs\libarm_cortexM4lf_math.a(arm_max_q15.o)
                0x0804fdf8                arm_max_q15
 .text.arm_max_f32
                0x0804fedc      0x15c ..\..\..\libs\libarm_cortexM4lf_math.a(arm_max_f32.o)
                0x0804fedc                arm_max_f32
 .text.arm_rfft_init_f32
                0x08050038       0x78 ..\..\..\libs\libarm_cortexM4lf_math.a(arm_rfft_init_f32.o)
                0x08050038                arm_rfft_init_f32
 .text.arm_split_rfft_f32
                0x080500b0      0x218 ..\..\..\libs\libarm_cortexM4lf_math.a(arm_rfft_f32.o)
                0x080500b0                arm_split_rfft_f32
 .text.arm_split_rifft_f32
                0x080502c8      0x160 ..\..\..\libs\libarm_cortexM4lf_math.a(arm_rfft_f32.o)
                0x080502c8                arm_split_rifft_f32
 .text.arm_rfft_f32
                0x08050428       0x88 ..\..\..\libs\libarm_cortexM4lf_math.a(arm_rfft_f32.o)
                0x08050428                arm_rfft_f32
 .text.arm_cfft_radix4_init_f32
                0x080504b0       0x94 ..\..\..\libs\libarm_cortexM4lf_math.a(arm_cfft_radix4_init_f32.o)
                0x080504b0                arm_cfft_radix4_init_f32
 .text.arm_radix4_butterfly_f32
                0x08050544      0x3b0 ..\..\..\libs\libarm_cortexM4lf_math.a(arm_cfft_radix4_f32.o)
                0x08050544                arm_radix4_butterfly_f32
 .text.arm_radix4_butterfly_inverse_f32
                0x080508f4      0x3d0 ..\..\..\libs\libarm_cortexM4lf_math.a(arm_cfft_radix4_f32.o)
                0x080508f4                arm_radix4_butterfly_inverse_f32
 .text.arm_bitreversal_f32
                0x08050cc4       0xfc ..\..\..\libs\libarm_cortexM4lf_math.a(arm_cfft_radix4_f32.o)
                0x08050cc4                arm_bitreversal_f32
 .text.arm_lms_norm_init_f32
                0x08050dc0       0x38 ..\..\..\libs\libarm_cortexM4lf_math.a(arm_lms_norm_init_f32.o)
                0x08050dc0                arm_lms_norm_init_f32
 .text.arm_lms_norm_f32
                0x08050df8      0x620 ..\..\..\libs\libarm_cortexM4lf_math.a(arm_lms_norm_f32.o)
                0x08050df8                arm_lms_norm_f32
 .text.arm_iir_lattice_f32
                0x08051418      0x3e0 ..\..\..\libs\libarm_cortexM4lf_math.a(arm_iir_lattice_f32.o)
                0x08051418                arm_iir_lattice_f32
 .text.arm_fir_interpolate_f32
                0x080517f8      0x44c ..\..\..\libs\libarm_cortexM4lf_math.a(arm_fir_interpolate_f32.o)
                0x080517f8                arm_fir_interpolate_f32
 .text.arm_fir_init_f32
                0x08051c44       0x24 ..\..\..\libs\libarm_cortexM4lf_math.a(arm_fir_init_f32.o)
                0x08051c44                arm_fir_init_f32
 .text.arm_fir_f32
                0x08051c68      0x498 ..\..\..\libs\libarm_cortexM4lf_math.a(arm_fir_f32.o)
                0x08051c68                arm_fir_f32
 .text.arm_fir_decimate_f32
                0x08052100      0x3e0 ..\..\..\libs\libarm_cortexM4lf_math.a(arm_fir_decimate_f32.o)
                0x08052100                arm_fir_decimate_f32
 .text.arm_cmplx_mag_f32
                0x080524e0      0x3b8 ..\..\..\libs\libarm_cortexM4lf_math.a(arm_cmplx_mag_f32.o)
                0x080524e0                arm_cmplx_mag_f32
 .text.arm_sin_f32
                0x08052898       0xd0 ..\..\..\libs\libarm_cortexM4lf_math.a(arm_sin_f32.o)
                0x08052898                arm_sin_f32
 .text.arm_cos_f32
                0x08052968       0xd0 ..\..\..\libs\libarm_cortexM4lf_math.a(arm_cos_f32.o)
                0x08052968                arm_cos_f32
 .text.arm_sub_f32
                0x08052a38      0x214 ..\..\..\libs\libarm_cortexM4lf_math.a(arm_sub_f32.o)
                0x08052a38                arm_sub_f32
 .text.arm_scale_f32
                0x08052c4c      0x274 ..\..\..\libs\libarm_cortexM4lf_math.a(arm_scale_f32.o)
                0x08052c4c                arm_scale_f32
 .text.arm_offset_f32
                0x08052ec0      0x274 ..\..\..\libs\libarm_cortexM4lf_math.a(arm_offset_f32.o)
                0x08052ec0                arm_offset_f32
 .text.arm_negate_f32
                0x08053134      0x268 ..\..\..\libs\libarm_cortexM4lf_math.a(arm_negate_f32.o)
                0x08053134                arm_negate_f32
 .text.arm_mult_f32
                0x0805339c      0x214 ..\..\..\libs\libarm_cortexM4lf_math.a(arm_mult_f32.o)
                0x0805339c                arm_mult_f32
 .text.arm_add_f32
                0x080535b0      0x214 ..\..\..\libs\libarm_cortexM4lf_math.a(arm_add_f32.o)
                0x080535b0                arm_add_f32
 *fill*         0x080537c4        0x4 00
 .text.pow10    0x080537c8       0x18 ..\..\..\libs\libm.a(lib_a-s_pow10.o)
                0x080537c8                pow10
 .text.ceilf    0x080537e0       0x94 ..\..\..\libs\libm.a(lib_a-sf_ceil.o)
                0x080537e0                ceilf
 .text.floorf   0x08053874       0x9c ..\..\..\libs\libm.a(lib_a-sf_floor.o)
                0x08053874                floorf
 .text.roundf   0x08053910       0x5c ..\..\..\libs\libm.a(lib_a-sf_round.o)
                0x08053910                roundf
 .text.truncf   0x0805396c       0x34 ..\..\..\libs\libm.a(lib_a-sf_trunc.o)
                0x0805396c                truncf
 .text.log10    0x080539a0      0x10c ..\..\..\libs\libm.a(lib_a-w_log10.o)
                0x080539a0                log10
 .text.pow      0x08053aac      0x370 ..\..\..\libs\libm.a(lib_a-w_pow.o)
                0x08053aac                pow
 .text.sqrt     0x08053e1c       0xbc ..\..\..\libs\libm.a(lib_a-w_sqrt.o)
                0x08053e1c                sqrt
 .text.log10f   0x08053ed8       0xf8 ..\..\..\libs\libm.a(lib_a-wf_log10.o)
                0x08053ed8                log10f
 .text.powf     0x08053fd0      0x39c ..\..\..\libs\libm.a(lib_a-wf_pow.o)
                0x08053fd0                powf
 .text.sqrtf    0x0805436c       0xb4 ..\..\..\libs\libm.a(lib_a-wf_sqrt.o)
                0x0805436c                sqrtf
 .text.__ieee754_log10
                0x08054420      0x138 ..\..\..\libs\libm.a(lib_a-e_log10.o)
                0x08054420                __ieee754_log10
 .text.__ieee754_pow
                0x08054558      0xb90 ..\..\..\libs\libm.a(lib_a-e_pow.o)
                0x08054558                __ieee754_pow
 .text.__ieee754_sqrt
                0x080550e8      0x1c4 ..\..\..\libs\libm.a(lib_a-e_sqrt.o)
                0x080550e8                __ieee754_sqrt
 .text.__ieee754_log10f
                0x080552ac       0xbc ..\..\..\libs\libm.a(lib_a-ef_log10.o)
                0x080552ac                __ieee754_log10f
 .text.__ieee754_powf
                0x08055368      0x600 ..\..\..\libs\libm.a(lib_a-ef_pow.o)
                0x08055368                __ieee754_powf
 .text.__ieee754_sqrtf
                0x08055968       0x9c ..\..\..\libs\libm.a(lib_a-ef_sqrt.o)
                0x08055968                __ieee754_sqrtf
 .text.fabs     0x08055a04       0x14 ..\..\..\libs\libm.a(lib_a-s_fabs.o)
                0x08055a04                fabs
 .text.finite   0x08055a18       0x14 ..\..\..\libs\libm.a(lib_a-s_finite.o)
                0x08055a18                finite
 .text.__fpclassifyd
                0x08055a2c       0x70 ..\..\..\libs\libm.a(lib_a-s_fpclassify.o)
                0x08055a2c                __fpclassifyd
 .text.matherr  0x08055a9c        0x4 ..\..\..\libs\libm.a(lib_a-s_matherr.o)
                0x08055a9c                matherr
 .text.nan      0x08055aa0       0x10 ..\..\..\libs\libm.a(lib_a-s_nan.o)
                0x08055aa0                nan
 .text.rint     0x08055ab0      0x124 ..\..\..\libs\libm.a(lib_a-s_rint.o)
                0x08055ab0                rint
 *fill*         0x08055bd4        0x4 00
 .text.scalbn   0x08055bd8      0x120 ..\..\..\libs\libm.a(lib_a-s_scalbn.o)
                0x08055bd8                scalbn
 .text.fabsf    0x08055cf8       0x10 ..\..\..\libs\libm.a(lib_a-sf_fabs.o)
                0x08055cf8                fabsf
 .text.finitef  0x08055d08       0x14 ..\..\..\libs\libm.a(lib_a-sf_finite.o)
                0x08055d08                finitef
 .text.__fpclassifyf
                0x08055d1c       0x5c ..\..\..\libs\libm.a(lib_a-sf_fpclassify.o)
                0x08055d1c                __fpclassifyf
 .text.nanf     0x08055d78        0xc ..\..\..\libs\libm.a(lib_a-sf_nan.o)
                0x08055d78                nanf
 .text.scalbnf  0x08055d84       0xcc ..\..\..\libs\libm.a(lib_a-sf_scalbn.o)
                0x08055d84                scalbnf
 .text.__ieee754_log
                0x08055e50      0x428 ..\..\..\libs\libm.a(lib_a-e_log.o)
                0x08055e50                __ieee754_log
 .text.__ieee754_logf
                0x08056278      0x204 ..\..\..\libs\libm.a(lib_a-ef_log.o)
                0x08056278                __ieee754_logf
 .text.copysign
                0x0805647c       0x24 ..\..\..\libs\libm.a(lib_a-s_copysign.o)
                0x0805647c                copysign
 .text.copysignf
                0x080564a0       0x18 ..\..\..\libs\libm.a(lib_a-sf_copysign.o)
                0x080564a0                copysignf
 .text          0x080564b8      0x370 c:/program files (x86)/gnu tools arm embedded/4.7 2014q2/bin/../lib/gcc/arm-none-eabi/4.7.4/armv7e-m/fpu\libgcc.a(_arm_addsubdf3.o)
                0x080564b8                __aeabi_drsub
                0x080564c0                __aeabi_dsub
                0x080564c0                __subdf3
                0x080564c4                __aeabi_dadd
                0x080564c4                __adddf3
                0x0805673c                __floatunsidf
                0x0805673c                __aeabi_ui2d
                0x0805675c                __floatsidf
                0x0805675c                __aeabi_i2d
                0x08056780                __aeabi_f2d
                0x08056780                __extendsfdf2
                0x080567bc                __floatundidf
                0x080567bc                __aeabi_ul2d
                0x080567cc                __floatdidf
                0x080567cc                __aeabi_l2d
 .text          0x08056828      0x424 c:/program files (x86)/gnu tools arm embedded/4.7 2014q2/bin/../lib/gcc/arm-none-eabi/4.7.4/armv7e-m/fpu\libgcc.a(_arm_muldivdf3.o)
                0x08056828                __aeabi_dmul
                0x08056828                __muldf3
                0x08056a7c                __divdf3
                0x08056a7c                __aeabi_ddiv
 .text          0x08056c4c      0x110 c:/program files (x86)/gnu tools arm embedded/4.7 2014q2/bin/../lib/gcc/arm-none-eabi/4.7.4/armv7e-m/fpu\libgcc.a(_arm_cmpdf2.o)
                0x08056c4c                __gtdf2
                0x08056c4c                __gedf2
                0x08056c54                __ltdf2
                0x08056c54                __ledf2
                0x08056c5c                __nedf2
                0x08056c5c                __eqdf2
                0x08056c5c                __cmpdf2
                0x08056cd8                __aeabi_cdrcmple
                0x08056ce8                __aeabi_cdcmpeq
                0x08056ce8                __aeabi_cdcmple
                0x08056cf8                __aeabi_dcmpeq
                0x08056d0c                __aeabi_dcmplt
                0x08056d20                __aeabi_dcmple
                0x08056d34                __aeabi_dcmpge
                0x08056d48                __aeabi_dcmpgt
 .text          0x08056d5c       0xa0 c:/program files (x86)/gnu tools arm embedded/4.7 2014q2/bin/../lib/gcc/arm-none-eabi/4.7.4/armv7e-m/fpu\libgcc.a(_arm_truncdfsf2.o)
                0x08056d5c                __truncdfsf2
                0x08056d5c                __aeabi_d2f
 .text.__register_exitproc
                0x08056dfc       0xac ..\..\..\libs\libc.a(lib_a-__atexit.o)
                0x08056dfc                __register_exitproc
 .text.__errno  0x08056ea8        0xc ..\..\..\libs\libc.a(lib_a-errno.o)
                0x08056ea8                __errno
 .text.__libc_fini_array
                0x08056eb4       0x2c ..\..\..\libs\libc.a(lib_a-fini.o)
                0x08056eb4                __libc_fini_array
 .text.memcmp   0x08056ee0       0x60 ..\..\..\libs\libc.a(lib_a-memcmp.o)
                0x08056ee0                memcmp
 .text.memset   0x08056f40       0x90 ..\..\..\libs\libc.a(lib_a-memset.o)
                0x08056f40                memset
 .text.strlen   0x08056fd0       0x60 ..\..\..\libs\libc.a(lib_a-strlen.o)
                0x08056fd0                strlen
 .text.startup.register_fini
                0x08057030       0x14 ..\..\..\libs\libc.a(lib_a-__call_atexit.o)
 .text.atexit   0x08057044        0xc ..\..\..\libs\libc.a(lib_a-atexit.o)
                0x08057044                atexit
 *(.init)
 .init          0x08057050        0x4 c:/program files (x86)/gnu tools arm embedded/4.7 2014q2/bin/../lib/gcc/arm-none-eabi/4.7.4/armv7e-m/fpu/crti.o
                0x08057050                _init
 .init          0x08057054        0x8 c:/program files (x86)/gnu tools arm embedded/4.7 2014q2/bin/../lib/gcc/arm-none-eabi/4.7.4/armv7e-m/fpu/crtn.o
 *(.fini)
 .fini          0x0805705c        0x4 c:/program files (x86)/gnu tools arm embedded/4.7 2014q2/bin/../lib/gcc/arm-none-eabi/4.7.4/armv7e-m/fpu/crti.o
                0x0805705c                _fini
 .fini          0x08057060        0x8 c:/program files (x86)/gnu tools arm embedded/4.7 2014q2/bin/../lib/gcc/arm-none-eabi/4.7.4/armv7e-m/fpu/crtn.o
 *crtbegin.o(.ctors)
 *crtbegin?.o(.ctors)
 *(EXCLUDE_FILE(*crtend.o *crtend?.o) .ctors)
 *(SORT(.ctors.*))
 *(.ctors)
 *crtbegin.o(.dtors)
 *crtbegin?.o(.dtors)
 *(EXCLUDE_FILE(*crtend.o *crtend?.o) .dtors)
 *(SORT(.dtors.*))
 *(.dtors)
 *(.rodata*)
 .rodata        0x08057068     0x3ef8 ..\obj\ui_lcd_hy28_fonts.o
                0x08057068                GL_ASCII16x24_Table
                0x08058238                GL_ASCII12x12_Table
                0x08058b38                GL_ASCII8x12_Table
                0x08059438                GL_ASCII8x12_bold_Table
                0x0805a938                GL_ASCII8x8_Table
                0x0805af38                GL_Font16x24
                0x0805af40                GL_Font12x12
                0x0805af48                GL_Font8x12
                0x0805af50                GL_Font8x12_bold
                0x0805af58                GL_Font8x8
 .rodata        0x0805af60       0x30 ..\obj\keyb_driver.o
 .rodata        0x0805af90      0x800 ..\obj\softdds.o
                0x0805af90                DDS_TABLE
 .rodata        0x0805b790      0x1dc ..\obj\ui_lcd_hy28.o
 .rodata        0x0805b96c       0x24 ..\obj\printf.o
 .rodata        0x0805b990       0x10 ..\obj\stm32f4xx_rcc.o
                0x0805b990                APBAHBPrescTable
 .rodata        0x0805b9a0      0x4bc ..\obj\main.o
                0x0805b9a0                VirtAddVarTab
 .rodata        0x0805be5c      0x988 ..\obj\audio_driver.o
                0x0805be5c                IIR_300hz_numStages
                0x0805be60                IIR_300hz_750_pkCoeffs
                0x0805be88                IIR_300hz_750_pvCoeffs
                0x0805beb4                IIR_300hz_800_pkCoeffs
                0x0805bedc                IIR_300hz_800_pvCoeffs
                0x0805bf08                IIR_300hz_850_pkCoeffs
                0x0805bf30                IIR_300hz_850_pvCoeffs
                0x0805bf5c                IIR_300hz_900_pkCoeffs
                0x0805bf84                IIR_300hz_900_pvCoeffs
                0x0805bfb0                IIR_300hz_950_pkCoeffs
                0x0805bfd8                IIR_300hz_950_pvCoeffs
                0x0805c004                IIR_300hz_700_pkCoeffs
                0x0805c02c                IIR_300hz_700_pvCoeffs
                0x0805c058                IIR_300hz_650_pkCoeffs
                0x0805c080                IIR_300hz_650_pvCoeffs
                0x0805c0ac                IIR_300hz_600_pkCoeffs
                0x0805c0d4                IIR_300hz_600_pvCoeffs
                0x0805c100                IIR_300hz_550_pkCoeffs
                0x0805c128                IIR_300hz_550_pvCoeffs
                0x0805c154                IIR_300hz_500_pkCoeffs
                0x0805c17c                IIR_300hz_500_pvCoeffs
                0x0805c1a8                IIR_500hz_numStages
                0x0805c1ac                IIR_500hz_750_pkCoeffs
                0x0805c1d4                IIR_500hz_750_pvCoeffs
                0x0805c200                IIR_500hz_850_pkCoeffs
                0x0805c228                IIR_500hz_850_pvCoeffs
                0x0805c254                IIR_500hz_950_pkCoeffs
                0x0805c27c                IIR_500hz_950_pvCoeffs
                0x0805c2a8                IIR_500hz_650_pkCoeffs
                0x0805c2d0                IIR_500hz_650_pvCoeffs
                0x0805c2fc                IIR_500hz_550_pkCoeffs
                0x0805c324                IIR_500hz_550_pvCoeffs
                0x0805c350                IIR_1k8_numStages
                0x0805c354                IIR_1k8_1k425_pkCoeffs
                0x0805c37c                IIR_1k8_1k425_pvCoeffs
                0x0805c3a8                IIR_1k8_1k275_pkCoeffs
                0x0805c3d0                IIR_1k8_1k275_pvCoeffs
                0x0805c3fc                IIR_1k8_1k125_pkCoeffs
                0x0805c424                IIR_1k8_1k125_pvCoeffs
                0x0805c450                IIR_1k8_1k575_pkCoeffs
                0x0805c478                IIR_1k8_1k575_pvCoeffs
                0x0805c4a4                IIR_1k8_1k725_pkCoeffs
                0x0805c4cc                IIR_1k8_1k725_pvCoeffs
                0x0805c4f8                IIR_2k3_numStages
                0x0805c4fc                IIR_2k3_1k412_pkCoeffs
                0x0805c524                IIR_2k3_1k412_pvCoeffs
                0x0805c550                IIR_2k3_1k275_pkCoeffs
                0x0805c578                IIR_2k3_1k275_pvCoeffs
                0x0805c5a4                IIR_2k3_1k562_pkCoeffs
                0x0805c5cc                IIR_2k3_1k562_pvCoeffs
                0x0805c5f8                IIR_2k3_1k712_pkCoeffs
                0x0805c620                IIR_2k3_1k712_pvCoeffs
                0x0805c64c                IIR_3k6_numStages
                0x0805c650                IIR_3k6_pkCoeffs
                0x0805c678                IIR_3k6_pvCoeffs
                0x0805c6a4                IIR_10k_numStages
                0x0805c6a8                IIR_10k_pkCoeffs
                0x0805c6c8                IIR_10k_pvCoeffs
                0x0805c6ec                IIR_TX_2k7_numStages
                0x0805c6f0                IIR_TX_2k7_pkCoeffs
                0x0805c718                IIR_TX_2k7_pvCoeffs
                0x0805c744                FirRxDecimate
                0x0805c754                FirRxDecimateMinLPF
                0x0805c764                FirRxInterpolate
                0x0805c7a4                FirRxInterpolate10KHZ
 .rodata        0x0805c7e4     0x31f4 ..\obj\ui_driver.o
                0x0805c7e4                waterfall_grey
                0x0805c868                waterfall_cold_hot
                0x0805c8ec                old_waterfall_cold_hot
                0x0805c970                waterfall_rainbow
                0x0805c9f4                old_waterfall_rainbow
                0x0805ca78                q_rx_10k_coeffs
                0x0805cbdc                q_rx_10k_coeffs_minus
                0x0805cd40                q_rx_10k_coeffs_plus
                0x0805cea4                i_rx_10k_coeffs
                0x0805d008                q_rx_7k5_coeffs
                0x0805d16c                q_rx_7k5_coeffs_minus
                0x0805d2d0                q_rx_7k5_coeffs_plus
                0x0805d434                i_rx_7k5_coeffs
                0x0805d598                q_rx_6k_coeffs
                0x0805d6fc                q_rx_6k_coeffs_minus
                0x0805d860                q_rx_6k_coeffs_plus
                0x0805d9c4                i_rx_6k_coeffs
                0x0805db28                q_rx_5k_coeffs
                0x0805dc8c                q_rx_5k_coeffs_minus
                0x0805ddf0                q_rx_5k_coeffs_plus
                0x0805df54                i_rx_5k_coeffs
                0x0805e0b8                q_rx_3k6_coeffs
                0x0805e21c                q_rx_3k6_coeffs_minus
                0x0805e380                q_rx_3k6_coeffs_plus
                0x0805e4e4                i_rx_3k6_coeffs
                0x0805e648                q_tx_coeffs
                0x0805e7ac                q_tx_coeffs_minus
                0x0805e910                q_tx_coeffs_plus
                0x0805ea74                i_tx_coeffs
                0x0805ebd8                iq_rx_am_10k_coeffs
                0x0805ed3c                iq_rx_am_7k5_coeffs
                0x0805eea0                iq_rx_am_6k_coeffs
                0x0805f004                iq_rx_am_5k_coeffs
                0x0805f168                iq_rx_am_3k6_coeffs
                0x0805f2cc                iq_rx_am_2k3_coeffs
                0x0805f430                tune_steps
                0x0805f450                tune_bands
                0x0805f474                size_bands
                0x0805f498                bm
                0x0805f518                S_Meter_Cal
 .rodata        0x0805f9d8      0x1f0 ..\obj\usbh_hid_keybd.o
 .rodata        0x0805fbc8       0xa8 ..\obj\mchf_board.o
 .rodata        0x0805fc70       0x80 ..\obj\cw_gen.o
                0x0805fc70                sm_table
 .rodata        0x0805fcf0       0x30 ..\obj\cat_driver.o
 .rodata        0x0805fd20        0xc ..\obj\usbd_cdc_vcp.o
 .rodata        0x0805fd2c      0xe84 ..\obj\ui_menu.o
 .rodata        0x08060bb0       0x74 ..\obj\usbh_usr.o
 .rodata        0x08060c24       0x98 ..\obj\usbd_desc.o
 .rodata        0x08060cbc        0x4 ..\obj\usbh_core.o
 .rodata        0x08060cc0       0x4c ..\obj\ui_si570.o
                0x08060cc0                hs_div
                0x08060cc8                fdco_max
                0x08060ccc                fdco_min
 .rodata        0x08060d0c     0x4000 ..\..\..\libs\libarm_cortexM4lf_math.a(arm_rfft_init_f32.o)
 .rodata        0x08064d0c     0x2000 ..\..\..\libs\libarm_cortexM4lf_math.a(arm_cfft_radix4_init_f32.o)
 .rodata        0x08066d0c      0x40c ..\..\..\libs\libarm_cortexM4lf_math.a(arm_sin_f32.o)
 .rodata        0x08067118      0x40c ..\..\..\libs\libarm_cortexM4lf_math.a(arm_cos_f32.o)
 .rodata        0x08067524      0x380 ..\..\..\libs\libarm_cortexM4lf_math.a(arm_common_tables.o)
                0x08067524                armRecipTableQ31
                0x08067624                armRecipTableQ15
                0x080676a4                armBitRevTable
 .rodata.str1.4
                0x080678a4        0x6 ..\..\..\libs\libm.a(lib_a-w_log10.o)
                                  0xc (size before relaxing)
 *fill*         0x080678aa        0x2 00
 .rodata.str1.4
                0x080678ac        0x4 ..\..\..\libs\libm.a(lib_a-w_pow.o)
 .rodata.str1.4
                0x080678b0        0x5 ..\..\..\libs\libm.a(lib_a-w_sqrt.o)
                                  0x8 (size before relaxing)
 *fill*         0x080678b5        0x3 00
 .rodata.str1.4
                0x080678b8        0x7 ..\..\..\libs\libm.a(lib_a-wf_log10.o)
                                  0xc (size before relaxing)
 *fill*         0x080678bf        0x1 00
 .rodata.str1.4
                0x080678c0        0x5 ..\..\..\libs\libm.a(lib_a-wf_pow.o)
                                  0x8 (size before relaxing)
 *fill*         0x080678c5        0x3 00
 .rodata.str1.4
                0x080678c8        0x6 ..\..\..\libs\libm.a(lib_a-wf_sqrt.o)
                                  0x8 (size before relaxing)
 *fill*         0x080678ce        0x2 00
 .rodata.dp_h   0x080678d0       0x10 ..\..\..\libs\libm.a(lib_a-e_pow.o)
 .rodata.dp_l   0x080678e0       0x10 ..\..\..\libs\libm.a(lib_a-e_pow.o)
 .rodata.bp     0x080678f0       0x10 ..\..\..\libs\libm.a(lib_a-e_pow.o)
 .rodata.str1.4
                0x00000000        0x4 ..\..\..\libs\libm.a(lib_a-e_pow.o)
 .rodata.dp_h   0x08067900        0x8 ..\..\..\libs\libm.a(lib_a-ef_pow.o)
 .rodata.dp_l   0x08067908        0x8 ..\..\..\libs\libm.a(lib_a-ef_pow.o)
 .rodata.bp     0x08067910        0x8 ..\..\..\libs\libm.a(lib_a-ef_pow.o)
 .rodata.str1.4
                0x00000000        0x4 ..\..\..\libs\libm.a(lib_a-ef_pow.o)
 .rodata.TWO52  0x08067918       0x10 ..\..\..\libs\libm.a(lib_a-s_rint.o)
 .rodata.str1.4
                0x08067928        0x4 ..\..\..\libs\libc.a(lib_a-impure.o)
 .rodata._global_impure_ptr
                0x0806792c        0x4 ..\..\..\libs\libc.a(lib_a-impure.o)
                0x0806792c                _global_impure_ptr
 *(.eh_fram e*)

.eh_frame       0x08067930        0x0
 .eh_frame      0x08067930        0x0 c:/program files (x86)/gnu tools arm embedded/4.7 2014q2/bin/../lib/gcc/arm-none-eabi/4.7.4/armv7e-m/fpu/crtbegin.o

.glue_7         0x08067930        0x0
 .glue_7        0x00000000        0x0 linker stubs

.glue_7t        0x08067930        0x0
 .glue_7t       0x00000000        0x0 linker stubs

.vfp11_veneer   0x08067930        0x0
 .vfp11_veneer  0x00000000        0x0 linker stubs

.v4_bx          0x08067930        0x0
 .v4_bx         0x00000000        0x0 linker stubs

.iplt           0x08067930        0x0
 .iplt          0x00000000        0x0 c:/program files (x86)/gnu tools arm embedded/4.7 2014q2/bin/../lib/gcc/arm-none-eabi/4.7.4/armv7e-m/fpu/crtbegin.o

.rel.dyn        0x08067930        0x0
 .rel.iplt      0x00000000        0x0 c:/program files (x86)/gnu tools arm embedded/4.7 2014q2/bin/../lib/gcc/arm-none-eabi/4.7.4/armv7e-m/fpu/crtbegin.o

.ARM.extab
 *(.ARM.extab* .gnu.linkonce.armextab.*)
                0x08067930                __exidx_start = .

.ARM.exidx
 *(.ARM.exidx* .gnu.linkonce.armexidx.*)
                0x08067930                __exidx_end = .
                0x08067930                __etext = .
                0x08067930                _sidata = __etext

.data           0x20000000      0x6dc load address 0x08067930
                0x20000000                __data_start__ = .
                0x20000000                _sdata = __data_start__
 *(vtable)
 *(.data*)
 .data          0x20000000        0x1 ..\obj\audio_driver.o
 *fill*         0x20000001        0x3 00
 .data          0x20000004        0x4 ..\obj\mchf_hw_i2c2.o
                0x20000004                I2C2_Timeout
 .data          0x20000008       0x74 ..\obj\usbd_cdc_core.o
                0x20000008                usbd_cdc_CfgDesc
                0x20000050                USBD_CDC_cb
 .data          0x2000007c       0xe8 ..\obj\ui_driver.o
                0x2000007c                tcxo_table_20m
 .data          0x20000164        0x8 ..\obj\usbh_hid_keybd.o
                0x20000164                HID_KEYBRD_cb
 .data          0x2000016c        0x4 ..\obj\mchf_hw_i2c.o
                0x2000016c                I2C1_Timeout
 .data          0x20000170       0x10 ..\obj\usbh_hid_core.o
                0x20000170                HID_cb
 .data          0x20000180       0x1c ..\obj\usbd_cdc_vcp.o
                0x20000180                linecoding
                0x20000188                VCP_fops
 .data          0x2000019c       0x1c ..\obj\usbd_usr.o
                0x2000019c                USR_cb
 .data          0x200001b8       0x20 ..\obj\ui_menu.o
 .data          0x200001d8       0x48 ..\obj\usbh_usr.o
                0x200001d8                USR_Callbacks
 .data          0x20000220       0x40 ..\obj\usbd_desc.o
                0x20000220                USR_desc
                0x2000023c                USBD_DeviceDesc
                0x20000250                USBD_DeviceQualifierDesc
                0x2000025c                USBD_LangIDDesc
 .data          0x20000260        0x8 ..\obj\usbh_hid_mouse.o
                0x20000260                HID_MOUSE_cb
 .data          0x20000268       0x30 ..\obj\usbd_core.o
                0x20000268                USBD_DCD_INT_cb
                0x20000294                USBD_DCD_INT_fops
 .data.__fdlib_version
                0x20000298        0x1 ..\..\..\libs\libm.a(lib_a-s_lib_ver.o)
                0x20000298                __fdlib_version
 *fill*         0x20000299        0x7 00
 .data.impure_data
                0x200002a0      0x428 ..\..\..\libs\libc.a(lib_a-impure.o)
 .data._impure_ptr
                0x200006c8        0x4 ..\..\..\libs\libc.a(lib_a-impure.o)
                0x200006c8                _impure_ptr
                0x200006cc                . = ALIGN (0x4)
                0x200006cc                PROVIDE (__preinit_array_start, .)
 *(.preinit_array)
                0x200006cc                PROVIDE (__preinit_array_end, .)
                0x200006cc                . = ALIGN (0x4)
                0x200006cc                PROVIDE (__init_array_start, .)
 *(SORT(.init_array.*))
 .init_array.00000
                0x200006cc        0x4 ..\..\..\libs\libc.a(lib_a-__call_atexit.o)
 *(.init_array)
 .init_array    0x200006d0        0x4 c:/program files (x86)/gnu tools arm embedded/4.7 2014q2/bin/../lib/gcc/arm-none-eabi/4.7.4/armv7e-m/fpu/crtbegin.o
                0x200006d4                PROVIDE (__init_array_end, .)
                0x200006d4                . = ALIGN (0x4)
                0x200006d4                PROVIDE (__fini_array_start, .)
 *(SORT(.fini_array.*))
 *(.fini_array)
 .fini_array    0x200006d4        0x4 c:/program files (x86)/gnu tools arm embedded/4.7 2014q2/bin/../lib/gcc/arm-none-eabi/4.7.4/armv7e-m/fpu/crtbegin.o
                0x200006d8                PROVIDE (__fini_array_end, .)
 *(.jcr*)
 .jcr           0x200006d8        0x0 c:/program files (x86)/gnu tools arm embedded/4.7 2014q2/bin/../lib/gcc/arm-none-eabi/4.7.4/armv7e-m/fpu/crtbegin.o
 .jcr           0x200006d8        0x4 c:/program files (x86)/gnu tools arm embedded/4.7 2014q2/bin/../lib/gcc/arm-none-eabi/4.7.4/armv7e-m/fpu/crtend.o
                0x200006dc                . = ALIGN (0x4)
                0x200006dc                __data_end__ = .
                0x200006dc                _edata = __data_end__

.igot.plt       0x200006dc        0x0 load address 0x0806800c
 .igot.plt      0x00000000        0x0 c:/program files (x86)/gnu tools arm embedded/4.7 2014q2/bin/../lib/gcc/arm-none-eabi/4.7.4/armv7e-m/fpu/crtbegin.o

.bss            0x200006e0    0x18c30 load address 0x08068010
                0x200006e0                . = ALIGN (0x4)
                0x200006e0                __bss_start__ = .
                0x200006e0                _sbss = __bss_start__
 *(.bss*)
 .bss           0x200006e0       0x1c c:/program files (x86)/gnu tools arm embedded/4.7 2014q2/bin/../lib/gcc/arm-none-eabi/4.7.4/armv7e-m/fpu/crtbegin.o
 .bss           0x200006fc       0x90 ..\obj\i2s.o
 .bss           0x2000078c        0x8 ..\obj\main.o
                0x2000078c                TimingDelay
                0x20000790                wd_init_enabled
 .bss           0x20000794     0x3c40 ..\obj\audio_driver.o
 .bss           0x200043d4       0x1c ..\obj\usbd_cdc_core.o
                0x200043d8                APP_Rx_ptr_in
                0x200043dc                APP_Rx_ptr_out
                0x200043e0                APP_Rx_length
                0x200043e4                USB_Tx_State
 .bss           0x200043f0      0xa44 ..\obj\ui_driver.o
                0x200045e4                unmute_delay
                0x200045e8                drv_state
                0x200045e9                drv_init
                0x20004dec                ptt_break
 .bss           0x20004e34       0x20 ..\obj\usbh_hid_keybd.o
 .bss           0x20004e54        0x4 ..\obj\usbh_stdreq.o
 .bss           0x20004e58        0x4 ..\obj\usbh_bsp.o
                0x20004e58                BSP_delay
 .bss           0x20004e5c        0x1 ..\obj\usbh_hid_core.o
                0x20004e5c                start_toggle
 .bss           0x20004e5d        0x1 ..\obj\ui_menu.o
 *fill*         0x20004e5e        0x2 00
 .bss           0x20004e60        0x4 ..\obj\usbh_usr.o
 .bss           0x20004e64       0x10 ..\obj\usbd_req.o
                0x20004e64                USBD_ep_status
                0x20004e68                USBD_default_cfg
                0x20004e6c                USBD_cfg_status
 .bss           0x20004e74        0x2 ..\obj\usbh_core.o
 .bss           0x20004e76        0x2 ..\obj\eeprom.o
                0x20004e76                DataVar
 .bss           0x20004e78        0x8 ..\obj\api_dsp.o
                0x20004e78                api_drv_dissabled
                0x20004e79                pub_v
                0x20004e7a                led_s
                0x20004e7c                pro_s
 *(COMMON)
 COMMON         0x20004e80      0xb18 ..\obj\keyb_driver.o
                0x20004e80                USB_OTG_Core_dev
                0x20005914                USB_Host
 COMMON         0x20005998        0x4 ..\obj\softdds.o
                0x20005998                step
 COMMON         0x2000599c      0x1ac ..\obj\ui_lcd_hy28.o
                0x2000599c                ts
 COMMON         0x20005b48    0x113c4 ..\obj\audio_driver.o
                0x20005b48                lms1StateF32
                0x20005f48                lms2StateF32
                0x20006348                lms1_instance
                0x20006358                errsig2
                0x20006480                lms2_nr_delay
                0x20006cc0                rx_buffer
                0x20006dc4                interpState
                0x20006e88                tx_buffer
                0x20006f8c                errsig1
                0x200070b4                FIR_Q
                0x200070c0                iir_tx_state
                0x20007184                lms1NormCoeff_f32
                0x20007584                lms2NormCoeff_f32
                0x20007984                FIR_Q_TX
                0x20007990                sd
                0x20015280                result
                0x200153a8                agc_delay
                0x200158e8                lms1Norm_instance
                0x20015900                FIR_I_TX
                0x2001590c                FIR_I
                0x20015918                decimState
                0x200159dc                sm
                0x200159f0                IIR_TXFilter
                0x20015a00                lms1_nr_delay
                0x20016240                lms2Norm_instance
                0x20016258                ads
                0x20016efc                lms2_instance
 COMMON         0x20016f0c      0x88c ..\obj\usbd_cdc_core.o
                0x20016f0c                usbd_cdc_OtherCfgDesc
                0x20016f50                USB_Rx_Buffer
                0x20016f90                CmdBuff
                0x20016f98                APP_Rx_Buffer
 COMMON         0x20017798      0x244 ..\obj\ui_driver.o
                0x20017798                band_decod_mode
                0x200177c0                ks
                0x200177e4                kd
                0x200177e8                pwmt
                0x200177f8                band_filter_mode
                0x20017820                band_dial_value
                0x20017848                es
                0x2001784c                band_decod_mode_a
                0x20017874                band_decod_mode_b
                0x2001789c                df
                0x200178d4                lo
                0x200178e4                ets
                0x200178f0                band_dial_value_b
                0x20017918                band_filter_mode_a
                0x20017940                swrm
                0x20017974                band_dial_value_a
                0x2001799c                ews
                0x200179a8                eos
                0x200179b4                band_filter_mode_b
 COMMON         0x200179dc      0x820 ..\obj\mchf_board.o
                0x200179dc                fc
 COMMON         0x200181fc      0x200 ..\obj\usbh_stdreq.o
                0x200181fc                USBH_CfgDesc
 COMMON         0x200183fc       0x18 ..\obj\cw_gen.o
                0x200183fc                ps
 COMMON         0x20018414      0xa94 ..\obj\cat_driver.o
                0x20018414                USB_OTG_dev
 COMMON         0x20018ea8       0xb0 ..\obj\usbh_hid_core.o
                0x20018ea8                HID_Report
                0x20018ef0                HID_Machine
                0x20018f44                HID_Desc
                0x20018f50                HID_Setup
 COMMON         0x20018f58       0x36 ..\obj\usbh_usr.o
                0x20018f58                kbs
 *fill*         0x20018f8e        0x2 00
 COMMON         0x20018f90        0x4 ..\obj\usbh_hid_mouse.o
                0x20018f90                HID_MOUSE_Data
 COMMON         0x20018f94       0xff ..\obj\usbd_req.o
                0x20018f94                USBD_StrDesc
 *fill*         0x20019093        0x1 00
 COMMON         0x20019094        0x4 ..\obj\usbd_core.o
                0x20019094                SET_TEST_MODE
 COMMON         0x20019098      0x258 ..\obj\api_dsp.o
                0x20019098                in_buffer
                0x200191c4                ou_buffer
 COMMON         0x200192f0       0x20 ..\obj\ui_si570.o
                0x200192f0                os
                0x20019310                . = ALIGN (0x4)
                0x20019310                __bss_end__ = .
                0x20019310                _ebss = __bss_end__

.heap           0x20019310        0x0
                0x20019310                __end__ = .
                0x20019310                _end = __end__
                0x20019310                end = __end__
 *(.heap*)
                0x20019310                __HeapLimit = .

.co_stack       0x20019310     0x1000 load address 0x08080c40
                0x20019310                . = ALIGN (0x8)
 *(.co_stack .co_stack.*)
 .co_stack      0x20019310     0x1000 ..\obj\startup_stm32f4xx.o
                0x20019310                pulStack
                0x20020000                __StackTop = (ORIGIN (ram) + 0x20000)
                0x2001f000                __StackLimit = (__StackTop - SIZEOF (.co_stack))
                0x20020000                PROVIDE (__stack, __StackTop)
                0x00000001                ASSERT ((__StackLimit >= __HeapLimit), region ram  overflowed with stack)
LOAD ..\obj\ui_lcd_hy28_fonts.o
LOAD ..\obj\stm32f4xx_usart.o
LOAD ..\obj\usb_otg.o
LOAD ..\obj\usbd_ioreq.o
LOAD ..\obj\i2s.o
LOAD ..\obj\keyb_driver.o
LOAD ..\obj\softdds.o
LOAD ..\obj\ui_lcd_hy28.o
LOAD ..\obj\printf.o
LOAD ..\obj\stm32f4xx_syscfg.o
LOAD ..\obj\stm32f4xx_rcc.o
LOAD ..\obj\stm32f4xx_pwr.o
LOAD ..\obj\ui_rotary.o
LOAD ..\obj\main.o
LOAD ..\obj\stm32f4xx_gpio.o
LOAD ..\obj\audio_driver.o
LOAD ..\obj\stm32f4xx_dma.o
LOAD ..\obj\stm32f4xx_fsmc.o
LOAD ..\obj\mchf_hw_i2c2.o
LOAD ..\obj\stm32f4xx_adc.o
LOAD ..\obj\usb_dcd.o
LOAD ..\obj\usbd_cdc_core.o
LOAD ..\obj\ui_driver.o
LOAD ..\obj\usbh_hid_keybd.o
LOAD ..\obj\mchf_hw_i2c.o
LOAD ..\obj\stm32f4xx_exti.o
LOAD ..\obj\mchf_board.o
LOAD ..\obj\usbh_stdreq.o
LOAD ..\obj\cw_gen.o
LOAD ..\obj\usbh_ioreq.o
LOAD ..\obj\usb_core.o
LOAD ..\obj\usbh_bsp.o
LOAD ..\obj\stm32f4xx_spi.o
LOAD ..\obj\syscalls.o
LOAD ..\obj\usb_hcd_int.o
LOAD ..\obj\stm32f4xx_dac.o
LOAD ..\obj\stm32f4xx_wwdg.o
LOAD ..\obj\stm32f4xx_rtc.o
LOAD ..\obj\cat_driver.o
LOAD ..\obj\usbh_hid_core.o
LOAD ..\obj\usbd_cdc_vcp.o
LOAD ..\obj\startup_stm32f4xx.o
LOAD ..\obj\usbd_usr.o
LOAD ..\obj\ui_menu.o
LOAD ..\obj\system_stm32f4xx.o
LOAD ..\obj\usbh_usr.o
LOAD ..\obj\usb_hcd.o
LOAD ..\obj\usbd_desc.o
LOAD ..\obj\usbh_hid_mouse.o
LOAD ..\obj\usbh_hcs.o
LOAD ..\obj\usbd_req.o
LOAD ..\obj\stm32f4xx_flash.o
LOAD ..\obj\usbd_core.o
LOAD ..\obj\misc.o
LOAD ..\obj\usb_dcd_int.o
LOAD ..\obj\stm32f4xx_i2c.o
LOAD ..\obj\usbh_core.o
LOAD ..\obj\usbd_bsp.o
LOAD ..\obj\eeprom.o
LOAD ..\obj\usbd_audio_core.o
LOAD ..\obj\api_dsp.o
LOAD ..\obj\ui_si570.o
LOAD ..\obj\stm32f4xx_tim.o
LOAD ..\obj\codec.o
LOAD ..\obj\usbd_audio_out_if.o
LOAD ..\..\..\libs\libarm_cortexM4lf_math.a
LOAD ..\..\..\libs\libm.a
LOAD c:/program files (x86)/gnu tools arm embedded/4.7 2014q2/bin/../lib/gcc/arm-none-eabi/4.7.4/armv7e-m/fpu\libgcc.a
LOAD ..\..\..\libs\libc.a